Archive member included to satisfy reference by file (symbol)

C:/Users/V1n1Paz/.pico-sdk/toolchain/13_3_Rel1/bin/../lib/gcc/arm-none-eabi/13.3.1/thumb/v6-m/nofp\libgcc.a(_dvmd_tls.o)
                              CMakeFiles/victor-atv-2.dir/C_/Users/V1n1Paz/.pico-sdk/sdk/2.1.0/src/rp2_common/pico_divider/divider_hardware.S.obj (__aeabi_idiv0)
C:/Users/V1n1Paz/.pico-sdk/toolchain/13_3_Rel1/bin/../lib/gcc/arm-none-eabi/13.3.1/thumb/v6-m/nofp\libg.a(libc_a-calloc.o)
                              CMakeFiles/victor-atv-2.dir/C_/Users/V1n1Paz/.pico-sdk/sdk/2.1.0/src/rp2_common/pico_malloc/malloc.c.obj (calloc)
C:/Users/V1n1Paz/.pico-sdk/toolchain/13_3_Rel1/bin/../lib/gcc/arm-none-eabi/13.3.1/thumb/v6-m/nofp\libg.a(libc_a-callocr.o)
                              C:/Users/V1n1Paz/.pico-sdk/toolchain/13_3_Rel1/bin/../lib/gcc/arm-none-eabi/13.3.1/thumb/v6-m/nofp\libg.a(libc_a-calloc.o) (_calloc_r)
C:/Users/V1n1Paz/.pico-sdk/toolchain/13_3_Rel1/bin/../lib/gcc/arm-none-eabi/13.3.1/thumb/v6-m/nofp\libg.a(libc_a-malloc.o)
                              CMakeFiles/victor-atv-2.dir/C_/Users/V1n1Paz/.pico-sdk/sdk/2.1.0/src/rp2_common/pico_malloc/malloc.c.obj (malloc)
C:/Users/V1n1Paz/.pico-sdk/toolchain/13_3_Rel1/bin/../lib/gcc/arm-none-eabi/13.3.1/thumb/v6-m/nofp\libg.a(libc_a-mallocr.o)
                              C:/Users/V1n1Paz/.pico-sdk/toolchain/13_3_Rel1/bin/../lib/gcc/arm-none-eabi/13.3.1/thumb/v6-m/nofp\libg.a(libc_a-callocr.o) (_malloc_r)
C:/Users/V1n1Paz/.pico-sdk/toolchain/13_3_Rel1/bin/../lib/gcc/arm-none-eabi/13.3.1/thumb/v6-m/nofp\libg.a(libc_a-mlock.o)
                              C:/Users/V1n1Paz/.pico-sdk/toolchain/13_3_Rel1/bin/../lib/gcc/arm-none-eabi/13.3.1/thumb/v6-m/nofp\libg.a(libc_a-mallocr.o) (__malloc_lock)
C:/Users/V1n1Paz/.pico-sdk/toolchain/13_3_Rel1/bin/../lib/gcc/arm-none-eabi/13.3.1/thumb/v6-m/nofp\libg.a(libc_a-realloc.o)
                              CMakeFiles/victor-atv-2.dir/C_/Users/V1n1Paz/.pico-sdk/sdk/2.1.0/src/rp2_common/pico_malloc/malloc.c.obj (realloc)
C:/Users/V1n1Paz/.pico-sdk/toolchain/13_3_Rel1/bin/../lib/gcc/arm-none-eabi/13.3.1/thumb/v6-m/nofp\libg.a(libc_a-reallocr.o)
                              C:/Users/V1n1Paz/.pico-sdk/toolchain/13_3_Rel1/bin/../lib/gcc/arm-none-eabi/13.3.1/thumb/v6-m/nofp\libg.a(libc_a-realloc.o) (_realloc_r)
C:/Users/V1n1Paz/.pico-sdk/toolchain/13_3_Rel1/bin/../lib/gcc/arm-none-eabi/13.3.1/thumb/v6-m/nofp\libg.a(libc_a-memcmp.o)
                              CMakeFiles/victor-atv-2.dir/C_/Users/V1n1Paz/.pico-sdk/sdk/2.1.0/src/rp2_common/pico_atomic/atomic.c.obj (memcmp)
C:/Users/V1n1Paz/.pico-sdk/toolchain/13_3_Rel1/bin/../lib/gcc/arm-none-eabi/13.3.1/thumb/v6-m/nofp\libg.a(libc_a-memmove.o)
                              C:/Users/V1n1Paz/.pico-sdk/toolchain/13_3_Rel1/bin/../lib/gcc/arm-none-eabi/13.3.1/thumb/v6-m/nofp\libg.a(libc_a-reallocr.o) (memmove)
C:/Users/V1n1Paz/.pico-sdk/toolchain/13_3_Rel1/bin/../lib/gcc/arm-none-eabi/13.3.1/thumb/v6-m/nofp\libg.a(libc_a-lcltime_r.o)
                              CMakeFiles/victor-atv-2.dir/C_/Users/V1n1Paz/.pico-sdk/sdk/2.1.0/src/common/pico_util/datetime.c.obj (localtime_r)
C:/Users/V1n1Paz/.pico-sdk/toolchain/13_3_Rel1/bin/../lib/gcc/arm-none-eabi/13.3.1/thumb/v6-m/nofp\libg.a(libc_a-mktime.o)
                              CMakeFiles/victor-atv-2.dir/C_/Users/V1n1Paz/.pico-sdk/sdk/2.1.0/src/common/pico_util/datetime.c.obj (mktime)
C:/Users/V1n1Paz/.pico-sdk/toolchain/13_3_Rel1/bin/../lib/gcc/arm-none-eabi/13.3.1/thumb/v6-m/nofp\libg.a(libc_a-month_lengths.o)
                              C:/Users/V1n1Paz/.pico-sdk/toolchain/13_3_Rel1/bin/../lib/gcc/arm-none-eabi/13.3.1/thumb/v6-m/nofp\libg.a(libc_a-lcltime_r.o) (__month_lengths)
C:/Users/V1n1Paz/.pico-sdk/toolchain/13_3_Rel1/bin/../lib/gcc/arm-none-eabi/13.3.1/thumb/v6-m/nofp\libg.a(libc_a-tzcalc_limits.o)
                              C:/Users/V1n1Paz/.pico-sdk/toolchain/13_3_Rel1/bin/../lib/gcc/arm-none-eabi/13.3.1/thumb/v6-m/nofp\libg.a(libc_a-lcltime_r.o) (__tzcalc_limits)
C:/Users/V1n1Paz/.pico-sdk/toolchain/13_3_Rel1/bin/../lib/gcc/arm-none-eabi/13.3.1/thumb/v6-m/nofp\libg.a(libc_a-tzlock.o)
                              C:/Users/V1n1Paz/.pico-sdk/toolchain/13_3_Rel1/bin/../lib/gcc/arm-none-eabi/13.3.1/thumb/v6-m/nofp\libg.a(libc_a-lcltime_r.o) (__tz_lock)
C:/Users/V1n1Paz/.pico-sdk/toolchain/13_3_Rel1/bin/../lib/gcc/arm-none-eabi/13.3.1/thumb/v6-m/nofp\libg.a(libc_a-tzset.o)
                              C:/Users/V1n1Paz/.pico-sdk/toolchain/13_3_Rel1/bin/../lib/gcc/arm-none-eabi/13.3.1/thumb/v6-m/nofp\libg.a(libc_a-lcltime_r.o) (_tzset_unlocked)
C:/Users/V1n1Paz/.pico-sdk/toolchain/13_3_Rel1/bin/../lib/gcc/arm-none-eabi/13.3.1/thumb/v6-m/nofp\libg.a(libc_a-tzset_r.o)
                              C:/Users/V1n1Paz/.pico-sdk/toolchain/13_3_Rel1/bin/../lib/gcc/arm-none-eabi/13.3.1/thumb/v6-m/nofp\libg.a(libc_a-tzset.o) (_tzset_unlocked_r)
[...]
Memory Configuration

Name             Origin             Length             Attributes
FLASH            0x10000000         0x00200000         xr
RAM              0x20000000         0x00040000         xrw
SCRATCH_X        0x20040000         0x00001000         xrw
SCRATCH_Y        0x20041000         0x00001000         xrw
*default*        0x00000000         0xffffffff

Linker script and memory map

LOAD C:/Users/V1n1Paz/.pico-sdk/toolchain/13_3_Rel1/bin/../lib/gcc/arm-none-eabi/13.3.1/thumb/v6-m/nofp/crti.o
LOAD C:/Users/V1n1Paz/.pico-sdk/toolchain/13_3_Rel1/bin/../lib/gcc/arm-none-eabi/13.3.1/thumb/v6-m/nofp/crtbegin.o
LOAD C:/Users/V1n1Paz/.pico-sdk/toolchain/13_3_Rel1/bin/../lib/gcc/arm-none-eabi/13.3.1/thumb/v6-m/nofp/crt0.o

.flash_begin    0x10000000        0x0
                0x10000000                        __flash_binary_start = .

.boot2          0x10000000      0x100
                0x10000000                        __boot2_start__ = .
 *(.boot2)
 .boot2         0x10000000      0x100 pico-sdk/src/rp2040/boot_stage2/CMakeFiles/bs2_default_library.dir/./bs2_default_padded_checksummed.S.obj
                0x10000100                        __boot2_end__ = .
                0x00000001                        ASSERT (((__boot2_end__ - __boot2_start__) == 0x100), ERROR: Pico second stage bootloader must be 256 bytes in size)

.text           0x10000100     0x1798
                0x10000100                        __logical_binary_start = .
 *(.vectors)
 .vectors       0x10000100       0xd4 CMakeFiles/victor-atv-2.dir/C_/Users/V1n1Paz/.pico-sdk/sdk/2.1.0/src/rp2_common/pico_crt0/crt0.S.obj
                0x10000100                __VECTOR_TABLE
                0x10000100                __vectors
                0x100001c0                isr_invalid
                0x100001c0                __default_isrs_start
                0x100001c2                isr_nmi
                0x100001c4                isr_hardfault
                0x100001c6                isr_svcall
                0x100001c8                isr_pendsv
                0x100001ca                isr_systick
                0x100001cc                isr_irq23
                0x100001cc                isr_irq18
                0x100001cc                isr_irq11
                0x100001cc                isr_irq28
                0x100001cc                isr_irq19
                0x100001cc                isr_irq0
                0x100001cc                isr_irq6
                0x100001cc                isr_irq5
                0x100001cc                isr_irq12
                0x100001cc                isr_irq22
                0x100001cc                isr_irq31
                0x100001cc                isr_irq17
                0x100001cc                isr_irq27
                0x100001cc                isr_irq30
                0x100001cc                isr_irq2
                0x100001cc                isr_irq10
                0x100001cc                isr_irq8
                0x100001cc                isr_irq24
                0x100001cc                isr_irq1
                0x100001cc                isr_irq7
                0x100001cc                isr_irq21
                0x100001cc                isr_irq20
                0x100001cc                isr_irq15
                0x100001cc                isr_irq25
                0x100001cc                isr_irq13
                0x100001cc                __unhandled_user_irq
                0x100001cc                isr_irq4
                0x100001cc                isr_irq16
                0x100001cc                isr_irq29
                0x100001cc                isr_irq26
                0x100001cc                __default_isrs_end
                0x100001cc                isr_irq3
                0x100001cc                isr_irq14
                0x100001cc                isr_irq9
                0x100001d2                unhandled_user_irq_num_in_r0
 *(.binary_info_header)
 .binary_info_header
                0x100001d4       0x14 CMakeFiles/victor-atv-2.dir/C_/Users/V1n1Paz/.pico-sdk/sdk/2.1.0/src/rp2_common/pico_crt0/crt0.S.obj
                0x100001e8                        __binary_info_header_end = .
 *(.embedded_block)
                0x100001e8                        __embedded_block_end = .
 *(.reset)
 .reset         0x100001e8       0x9c CMakeFiles/victor-atv-2.dir/C_/Users/V1n1Paz/.pico-sdk/sdk/2.1.0/src/rp2_common/pico_crt0/crt0.S.obj
                0x100001e8                _entry_point
 *(.init)
 .init          0x10000284        0x4 C:/Users/V1n1Paz/.pico-sdk/toolchain/13_3_Rel1/bin/../lib/gcc/arm-none-eabi/13.3.1/thumb/v6-m/nofp/crti.o
                0x10000284                _init
 *(EXCLUDE_FILE(*libm.a: *libc.a:*lib_a-mem*.o *libgcc.a:) .text*)
 .text.register_tm_clones
                0x10000288       0x28 C:/Users/V1n1Paz/.pico-sdk/toolchain/13_3_Rel1/bin/../lib/gcc/arm-none-eabi/13.3.1/thumb/v6-m/nofp/crtbegin.o
 .text.frame_dummy
                0x100002b0       0x24 C:/Users/V1n1Paz/.pico-sdk/toolchain/13_3_Rel1/bin/../lib/gcc/arm-none-eabi/13.3.1/thumb/v6-m/nofp/crtbegin.o
 .text.repeating_timer_callback
                0x100002d4       0x48 CMakeFiles/victor-atv-2.dir/victor-atv-2.c.obj
                0x100002d4                repeating_timer_callback
 .text.startup.main
                0x1000031c       0x68 CMakeFiles/victor-atv-2.dir/victor-atv-2.c.obj
                0x1000031c                main
 .text.gpio_init
                0x10000384       0x40 CMakeFiles/victor-atv-2.dir/C_/Users/V1n1Paz/.pico-sdk/sdk/2.1.0/src/rp2_common/hardware_gpio/gpio.c.obj
                0x10000384                gpio_init
 .text.panic    0x100003c4       0x30 CMakeFiles/victor-atv-2.dir/C_/Users/V1n1Paz/.pico-sdk/sdk/2.1.0/src/rp2_common/pico_platform_panic/panic.c.obj
                0x100003c4                panic
 .text.hw_claim_or_assert
                0x100003f4       0x44 CMakeFiles/victor-atv-2.dir/C_/Users/V1n1Paz/.pico-sdk/sdk/2.1.0/src/common/hardware_claim/claim.c.obj
                0x100003f4                hw_claim_or_assert
 .text.next_striped_spin_lock_num
                0x10000438       0x18 CMakeFiles/victor-atv-2.dir/C_/Users/V1n1Paz/.pico-sdk/sdk/2.1.0/src/rp2_common/hardware_sync/sync.c.obj
                0x10000438                next_striped_spin_lock_num
 .text.spin_locks_reset
                0x10000450       0x1c CMakeFiles/victor-atv-2.dir/C_/Users/V1n1Paz/.pico-sdk/sdk/2.1.0/src/rp2_common/hardware_sync_spin_lock/sync_spin_lock.c.obj
                0x10000450                spin_locks_reset
 .text.runtime_init_per_core_irq_priorities
                0x1000046c       0x24 CMakeFiles/victor-atv-2.dir/C_/Users/V1n1Paz/.pico-sdk/sdk/2.1.0/src/rp2_common/hardware_irq/irq.c.obj
                0x1000046c                runtime_init_per_core_irq_priorities
 .text.irq_set_enabled
                0x10000490       0x24 CMakeFiles/victor-atv-2.dir/C_/Users/V1n1Paz/.pico-sdk/sdk/2.1.0/src/rp2_common/hardware_irq/irq.c.obj
                0x10000490                irq_set_enabled
 .text.irq_set_exclusive_handler
                0x100004b4       0x54 CMakeFiles/victor-atv-2.dir/C_/Users/V1n1Paz/.pico-sdk/sdk/2.1.0/src/rp2_common/hardware_irq/irq.c.obj
                0x100004b4                irq_set_exclusive_handler
 .text.lock_init
                0x10000508       0x10 CMakeFiles/victor-atv-2.dir/C_/Users/V1n1Paz/.pico-sdk/sdk/2.1.0/src/common/pico_sync/lock_core.c.obj
                0x10000508                lock_init
 .text.runtime_init_mutex
                0x10000518       0x50 CMakeFiles/victor-atv-2.dir/C_/Users/V1n1Paz/.pico-sdk/sdk/2.1.0/src/common/pico_sync/mutex.c.obj
                0x10000518                runtime_init_mutex
 .text.sleep_until_callback
                0x10000568       0x30 CMakeFiles/victor-atv-2.dir/C_/Users/V1n1Paz/.pico-sdk/sdk/2.1.0/src/common/pico_time/time.c.obj
 .text.alarm_pool_irq_handler
                0x10000598      0x2fc CMakeFiles/victor-atv-2.dir/C_/Users/V1n1Paz/.pico-sdk/sdk/2.1.0/src/common/pico_time/time.c.obj
 .text.runtime_init_default_alarm_pool
                0x10000894       0xdc CMakeFiles/victor-atv-2.dir/C_/Users/V1n1Paz/.pico-sdk/sdk/2.1.0/src/common/pico_time/time.c.obj
                0x10000894                runtime_init_default_alarm_pool
 .text.alarm_pool_get_default
                0x10000970        0x8 CMakeFiles/victor-atv-2.dir/C_/Users/V1n1Paz/.pico-sdk/sdk/2.1.0/src/common/pico_time/time.c.obj
                0x10000970                alarm_pool_get_default
 .text.alarm_pool_add_alarm_at_force_in_context
                0x10000978       0xb0 CMakeFiles/victor-atv-2.dir/C_/Users/V1n1Paz/.pico-sdk/sdk/2.1.0/src/common/pico_time/time.c.obj
                0x10000978                alarm_pool_add_alarm_at_force_in_context
 .text.alarm_pool_cancel_alarm
                0x10000a28       0x74 CMakeFiles/victor-atv-2.dir/C_/Users/V1n1Paz/.pico-sdk/sdk/2.1.0/src/common/pico_time/time.c.obj
                0x10000a28                alarm_pool_cancel_alarm
 .text.sleep_until
                0x10000a9c       0xd8 CMakeFiles/victor-atv-2.dir/C_/Users/V1n1Paz/.pico-sdk/sdk/2.1.0/src/common/pico_time/time.c.obj
                0x10000a9c                sleep_until
 .text.sleep_ms
                0x10000b74       0x38 CMakeFiles/victor-atv-2.dir/C_/Users/V1n1Paz/.pico-sdk/sdk/2.1.0/src/common/pico_time/time.c.obj
                0x10000b74                sleep_ms
 .text.best_effort_wfe_or_timeout
                0x10000bac       0xe0 CMakeFiles/victor-atv-2.dir/C_/Users/V1n1Paz/.pico-sdk/sdk/2.1.0/src/common/pico_time/time.c.obj
                0x10000bac                best_effort_wfe_or_timeout
 .text.alarm_pool_add_repeating_timer_us
                0x10000c8c      0x128 CMakeFiles/victor-atv-2.dir/C_/Users/V1n1Paz/.pico-sdk/sdk/2.1.0/src/common/pico_time/time.c.obj
                0x10000c8c                alarm_pool_add_repeating_timer_us
 .text.timer_hardware_alarm_claim
                0x10000db4       0x14 CMakeFiles/victor-atv-2.dir/C_/Users/V1n1Paz/.pico-sdk/sdk/2.1.0/src/rp2_common/hardware_timer/timer.c.obj
                0x10000db4                timer_hardware_alarm_claim
 .text.timer_time_us_64
                0x10000dc8       0x10 CMakeFiles/victor-atv-2.dir/C_/Users/V1n1Paz/.pico-sdk/sdk/2.1.0/src/rp2_common/hardware_timer/timer.c.obj
                0x10000dc8                timer_time_us_64
 .text.time_us_64
                0x10000dd8       0x14 CMakeFiles/victor-atv-2.dir/C_/Users/V1n1Paz/.pico-sdk/sdk/2.1.0/src/rp2_common/hardware_timer/timer.c.obj
                0x10000dd8                time_us_64
 .text.busy_wait_until
                0x10000dec       0x20 CMakeFiles/victor-atv-2.dir/C_/Users/V1n1Paz/.pico-sdk/sdk/2.1.0/src/rp2_common/hardware_timer/timer.c.obj
                0x10000dec                busy_wait_until
 .text.clock_configure_int_divider
                0x10000e0c       0xf4 CMakeFiles/victor-atv-2.dir/C_/Users/V1n1Paz/.pico-sdk/sdk/2.1.0/src/rp2_common/hardware_clocks/clocks.c.obj
                0x10000e0c                clock_configure_int_divider
 .text.clock_configure_undivided
                0x10000f00       0xe8 CMakeFiles/victor-atv-2.dir/C_/Users/V1n1Paz/.pico-sdk/sdk/2.1.0/src/rp2_common/hardware_clocks/clocks.c.obj
                0x10000f00                clock_configure_undivided
 .text.clock_get_hz
                0x10000fe8        0xc CMakeFiles/victor-atv-2.dir/C_/Users/V1n1Paz/.pico-sdk/sdk/2.1.0/src/rp2_common/hardware_clocks/clocks.c.obj
                0x10000fe8                clock_get_hz
 .text.pll_init
                0x10000ff4       0xa4 CMakeFiles/victor-atv-2.dir/C_/Users/V1n1Paz/.pico-sdk/sdk/2.1.0/src/rp2_common/hardware_pll/pll.c.obj
                0x10000ff4                pll_init
 .text.tick_start
                0x10001098       0x10 CMakeFiles/victor-atv-2.dir/C_/Users/V1n1Paz/.pico-sdk/sdk/2.1.0/src/rp2_common/hardware_ticks/ticks.c.obj
                0x10001098                tick_start
 .text.rom_func_lookup
                0x100010a8       0x10 CMakeFiles/victor-atv-2.dir/C_/Users/V1n1Paz/.pico-sdk/sdk/2.1.0/src/rp2_common/pico_bootrom/bootrom.c.obj
                0x100010a8                rom_func_lookup
 .text.rom_data_lookup
                0x100010b8       0x10 CMakeFiles/victor-atv-2.dir/C_/Users/V1n1Paz/.pico-sdk/sdk/2.1.0/src/rp2_common/pico_bootrom/bootrom.c.obj
                0x100010b8                rom_data_lookup
 .text.rom_funcs_lookup
                0x100010c8       0x44 CMakeFiles/victor-atv-2.dir/C_/Users/V1n1Paz/.pico-sdk/sdk/2.1.0/src/rp2_common/pico_bootrom/bootrom.c.obj
                0x100010c8                rom_funcs_lookup
 .text.xosc_init
                0x1000110c       0x28 CMakeFiles/victor-atv-2.dir/C_/Users/V1n1Paz/.pico-sdk/sdk/2.1.0/src/rp2_common/hardware_xosc/xosc.c.obj
                0x1000110c                xosc_init
 .text.first_per_core_initializer
                0x10001134        0x4 CMakeFiles/victor-atv-2.dir/C_/Users/V1n1Paz/.pico-sdk/sdk/2.1.0/src/rp2_common/pico_runtime/runtime.c.obj
 .text.hard_assertion_failure
                0x10001138        0xc CMakeFiles/victor-atv-2.dir/C_/Users/V1n1Paz/.pico-sdk/sdk/2.1.0/src/rp2_common/pico_runtime/runtime.c.obj
                0x10001138                hard_assertion_failure
 .text.runtime_run_initializers
                0x10001144       0x28 CMakeFiles/victor-atv-2.dir/C_/Users/V1n1Paz/.pico-sdk/sdk/2.1.0/src/rp2_common/pico_runtime/runtime.c.obj
                0x10001144                runtime_run_initializers
 .text.runtime_init_early_resets
                0x1000116c       0x2c CMakeFiles/victor-atv-2.dir/C_/Users/V1n1Paz/.pico-sdk/sdk/2.1.0/src/rp2_common/pico_runtime_init/runtime_init.c.obj
                0x1000116c                runtime_init_early_resets
 .text.runtime_init_usb_power_down
                0x10001198       0x1c CMakeFiles/victor-atv-2.dir/C_/Users/V1n1Paz/.pico-sdk/sdk/2.1.0/src/rp2_common/pico_runtime_init/runtime_init.c.obj
                0x10001198                runtime_init_usb_power_down
 .text.runtime_init_post_clock_resets
                0x100011b4       0x20 CMakeFiles/victor-atv-2.dir/C_/Users/V1n1Paz/.pico-sdk/sdk/2.1.0/src/rp2_common/pico_runtime_init/runtime_init.c.obj
                0x100011b4                runtime_init_post_clock_resets
 .text.runtime_init_rp2040_gpio_ie_disable
                0x100011d4       0x14 CMakeFiles/victor-atv-2.dir/C_/Users/V1n1Paz/.pico-sdk/sdk/2.1.0/src/rp2_common/pico_runtime_init/runtime_init.c.obj
                0x100011d4                runtime_init_rp2040_gpio_ie_disable
 .text.runtime_init_spin_locks_reset
                0x100011e8        0x8 CMakeFiles/victor-atv-2.dir/C_/Users/V1n1Paz/.pico-sdk/sdk/2.1.0/src/rp2_common/pico_runtime_init/runtime_init.c.obj
                0x100011e8                runtime_init_spin_locks_reset
 .text.runtime_init_install_ram_vector_table
                0x100011f0       0x1c CMakeFiles/victor-atv-2.dir/C_/Users/V1n1Paz/.pico-sdk/sdk/2.1.0/src/rp2_common/pico_runtime_init/runtime_init.c.obj
                0x100011f0                runtime_init_install_ram_vector_table
 .text.runtime_init_clocks
                0x1000120c       0xd8 CMakeFiles/victor-atv-2.dir/C_/Users/V1n1Paz/.pico-sdk/sdk/2.1.0/src/rp2_common/pico_runtime_init/runtime_init_clocks.c.obj
                0x1000120c                runtime_init_clocks
 .text          0x100012e4       0x10 CMakeFiles/victor-atv-2.dir/C_/Users/V1n1Paz/.pico-sdk/sdk/2.1.0/src/rp2_common/pico_bit_ops/bit_ops_aeabi.S.obj
 .text.__wrap___aeabi_uidiv
                0x100012f4       0x4c CMakeFiles/victor-atv-2.dir/C_/Users/V1n1Paz/.pico-sdk/sdk/2.1.0/src/rp2_common/pico_divider/divider_hardware.S.obj
                0x100012f4                __wrap___aeabi_uidiv
                0x100012f4                __wrap___aeabi_uidivmod
                0x100012f4                div_u32u32
                0x100012f4                divmod_u32u32
                0x100012fc                divmod_u32u32_unsafe
                0x10001324                divmod_u32u32_savestate
 .text.missing_double_func_shim
                0x10001340        0xc CMakeFiles/victor-atv-2.dir/C_/Users/V1n1Paz/.pico-sdk/sdk/2.1.0/src/rp2_common/pico_double/double_init_rom_rp2040.c.obj
 .text.__aeabi_double_init
                0x1000134c       0xa0 CMakeFiles/victor-atv-2.dir/C_/Users/V1n1Paz/.pico-sdk/sdk/2.1.0/src/rp2_common/pico_double/double_init_rom_rp2040.c.obj
                0x1000134c                __aeabi_double_init
 .text.double_table_shim_on_use_helper
                0x100013ec       0x2c CMakeFiles/victor-atv-2.dir/C_/Users/V1n1Paz/.pico-sdk/sdk/2.1.0/src/rp2_common/pico_double/double_v1_rom_shim_rp2040.S.obj
                0x100013ec                double_table_shim_on_use_helper
 .text.__aeabi_lmul
                0x10001418       0x32 CMakeFiles/victor-atv-2.dir/C_/Users/V1n1Paz/.pico-sdk/sdk/2.1.0/src/rp2_common/pico_int64_ops/pico_int64_ops_aeabi.S.obj
                0x10001418                __wrap___aeabi_lmul
 *fill*         0x1000144a        0x2 
 .text.missing_float_func_shim
                0x1000144c        0xc CMakeFiles/victor-atv-2.dir/C_/Users/V1n1Paz/.pico-sdk/sdk/2.1.0/src/rp2_common/pico_float/float_init_rom_rp2040.c.obj
 .text.__aeabi_float_init
                0x10001458       0x5c CMakeFiles/victor-atv-2.dir/C_/Users/V1n1Paz/.pico-sdk/sdk/2.1.0/src/rp2_common/pico_float/float_init_rom_rp2040.c.obj
                0x10001458                __aeabi_float_init
 .text          0x100014b4       0x10 CMakeFiles/victor-atv-2.dir/C_/Users/V1n1Paz/.pico-sdk/sdk/2.1.0/src/rp2_common/pico_mem_ops/mem_ops_aeabi.S.obj
                0x100014b4                __aeabi_mem_init
 .text.memcpy   0x100014c4        0xc CMakeFiles/victor-atv-2.dir/C_/Users/V1n1Paz/.pico-sdk/sdk/2.1.0/src/rp2_common/pico_mem_ops/mem_ops_aeabi.S.obj
                0x100014c4                __wrap_memcpy
                0x100014c4                __wrap___aeabi_memcpy
 .text._out_char
                0x100014d0       0x10 CMakeFiles/victor-atv-2.dir/C_/Users/V1n1Paz/.pico-sdk/sdk/2.1.0/src/rp2_common/pico_printf/printf.c.obj
 .text.weak_raw_vprintf
                0x100014e0       0x30 CMakeFiles/victor-atv-2.dir/C_/Users/V1n1Paz/.pico-sdk/sdk/2.1.0/src/rp2_common/pico_printf/printf.c.obj
                0x100014e0                weak_raw_vprintf
 .text._exit    0x10001510        0x4 CMakeFiles/victor-atv-2.dir/C_/Users/V1n1Paz/.pico-sdk/sdk/2.1.0/src/rp2_common/pico_clib_interface/newlib_interface.c.obj
                0x10001510                _exit
 .text.exit     0x10001514        0x8 CMakeFiles/victor-atv-2.dir/C_/Users/V1n1Paz/.pico-sdk/sdk/2.1.0/src/rp2_common/pico_clib_interface/newlib_interface.c.obj
                0x10001514                exit
 .text.runtime_init
                0x1000151c       0x2c CMakeFiles/victor-atv-2.dir/C_/Users/V1n1Paz/.pico-sdk/sdk/2.1.0/src/rp2_common/pico_clib_interface/newlib_interface.c.obj
                0x1000151c                runtime_init
 .text.stdio_out_chars_no_crlf
                0x10001548       0x10 CMakeFiles/victor-atv-2.dir/C_/Users/V1n1Paz/.pico-sdk/sdk/2.1.0/src/rp2_common/pico_stdio/stdio.c.obj
 .text.stdio_out_chars_crlf
                0x10001558       0x94 CMakeFiles/victor-atv-2.dir/C_/Users/V1n1Paz/.pico-sdk/sdk/2.1.0/src/rp2_common/pico_stdio/stdio.c.obj
 .text.stdio_put_string
                0x100015ec      0x100 CMakeFiles/victor-atv-2.dir/C_/Users/V1n1Paz/.pico-sdk/sdk/2.1.0/src/rp2_common/pico_stdio/stdio.c.obj
                0x100015ec                stdio_put_string
 .text.stdio_init_all
                0x100016ec        0x4 CMakeFiles/victor-atv-2.dir/C_/Users/V1n1Paz/.pico-sdk/sdk/2.1.0/src/rp2_common/pico_stdio/stdio.c.obj
                0x100016ec                stdio_init_all
 .text.__wrap_putchar
                0x100016f0       0x98 CMakeFiles/victor-atv-2.dir/C_/Users/V1n1Paz/.pico-sdk/sdk/2.1.0/src/rp2_common/pico_stdio/stdio.c.obj
                0x100016f0                __wrap_putchar
                0x100016f0                stdio_putchar
 .text.__wrap_puts
                0x10001788       0x3c CMakeFiles/victor-atv-2.dir/C_/Users/V1n1Paz/.pico-sdk/sdk/2.1.0/src/rp2_common/pico_stdio/stdio.c.obj
                0x10001788                stdio_puts
                0x10001788                __wrap_puts
 .text.strlen   0x100017c4       0x5c C:/Users/V1n1Paz/.pico-sdk/toolchain/13_3_Rel1/bin/../lib/gcc/arm-none-eabi/13.3.1/thumb/v6-m/nofp\libg.a(libc_a-strlen-stub.o)
                0x100017c4                strlen
 *(.fini)
 .fini          0x10001820        0x4 C:/Users/V1n1Paz/.pico-sdk/toolchain/13_3_Rel1/bin/../lib/gcc/arm-none-eabi/13.3.1/thumb/v6-m/nofp/crti.o
                0x10001820                _fini
 *fill*         0x10001824        0x4 
 .fini.__stub   0x10001828       0x30 linker stubs
 *crtbegin.o(.ctors)
 *crtbegin?.o(.ctors)
 *(EXCLUDE_FILE(*crtend.o *crtend?.o) .ctors)
 *(SORT_BY_NAME(.ctors.*))
 *(.ctors)
 *crtbegin.o(.dtors)
 *crtbegin?.o(.dtors)
 *(EXCLUDE_FILE(*crtend.o *crtend?.o) .dtors)
 *(SORT_BY_NAME(.dtors.*))
 *(.dtors)
                0x10001858                        . = ALIGN (0x4)
                0x10001858                        PROVIDE (__preinit_array_start = .)
 *(SORT_BY_NAME(.preinit_array.*))
 .preinit_array.00100
                0x10001858        0x4 CMakeFiles/victor-atv-2.dir/C_/Users/V1n1Paz/.pico-sdk/sdk/2.1.0/src/rp2_common/pico_runtime_init/runtime_init.c.obj
                0x10001858                __pre_init_runtime_init_early_resets
 .preinit_array.00101
                0x1000185c        0x4 CMakeFiles/victor-atv-2.dir/C_/Users/V1n1Paz/.pico-sdk/sdk/2.1.0/src/rp2_common/pico_runtime_init/runtime_init.c.obj
                0x1000185c                __pre_init_runtime_init_usb_power_down
 .preinit_array.00275
                0x10001860        0x4 CMakeFiles/victor-atv-2.dir/C_/Users/V1n1Paz/.pico-sdk/sdk/2.1.0/src/rp2_common/pico_bit_ops/bit_ops_aeabi.S.obj
 .preinit_array.00300
                0x10001864        0x4 CMakeFiles/victor-atv-2.dir/C_/Users/V1n1Paz/.pico-sdk/sdk/2.1.0/src/rp2_common/pico_mem_ops/mem_ops_aeabi.S.obj
 .preinit_array.00350
                0x10001868        0x4 CMakeFiles/victor-atv-2.dir/C_/Users/V1n1Paz/.pico-sdk/sdk/2.1.0/src/rp2_common/pico_double/double_aeabi_rp2040.S.obj
 .preinit_array.00350
                0x1000186c        0x4 CMakeFiles/victor-atv-2.dir/C_/Users/V1n1Paz/.pico-sdk/sdk/2.1.0/src/rp2_common/pico_float/float_aeabi_rp2040.S.obj
 .preinit_array.00500
                0x10001870        0x4 CMakeFiles/victor-atv-2.dir/C_/Users/V1n1Paz/.pico-sdk/sdk/2.1.0/src/rp2_common/pico_runtime_init/runtime_init.c.obj
                0x10001870                __pre_init_runtime_init_clocks
 .preinit_array.00600
                0x10001874        0x4 CMakeFiles/victor-atv-2.dir/C_/Users/V1n1Paz/.pico-sdk/sdk/2.1.0/src/rp2_common/pico_runtime_init/runtime_init.c.obj
                0x10001874                __pre_init_runtime_init_post_clock_resets
 .preinit_array.00700
                0x10001878        0x4 CMakeFiles/victor-atv-2.dir/C_/Users/V1n1Paz/.pico-sdk/sdk/2.1.0/src/rp2_common/pico_runtime_init/runtime_init.c.obj
                0x10001878                __pre_init_runtime_init_rp2040_gpio_ie_disable
 .preinit_array.01000
                0x1000187c        0x4 CMakeFiles/victor-atv-2.dir/C_/Users/V1n1Paz/.pico-sdk/sdk/2.1.0/src/rp2_common/pico_runtime_init/runtime_init.c.obj
                0x1000187c                __pre_init_runtime_init_spin_locks_reset
 .preinit_array.01100
                0x10001880        0x4 CMakeFiles/victor-atv-2.dir/C_/Users/V1n1Paz/.pico-sdk/sdk/2.1.0/src/common/pico_sync/mutex.c.obj
                0x10001880                __pre_init_runtime_init_mutex
 .preinit_array.10080
                0x10001884        0x4 CMakeFiles/victor-atv-2.dir/C_/Users/V1n1Paz/.pico-sdk/sdk/2.1.0/src/rp2_common/pico_runtime_init/runtime_init.c.obj
                0x10001884                __pre_init_runtime_init_install_ram_vector_table
 .preinit_array.11000
                0x10001888        0x4 CMakeFiles/victor-atv-2.dir/C_/Users/V1n1Paz/.pico-sdk/sdk/2.1.0/src/common/pico_time/time.c.obj
                0x10001888                __pre_init_runtime_init_default_alarm_pool
 .preinit_array.YYYYY
                0x1000188c        0x4 CMakeFiles/victor-atv-2.dir/C_/Users/V1n1Paz/.pico-sdk/sdk/2.1.0/src/rp2_common/pico_runtime/runtime.c.obj
                0x1000188c                __pre_init_first_per_core_initializer
 .preinit_array.ZZZZZ.01200
                0x10001890        0x4 CMakeFiles/victor-atv-2.dir/C_/Users/V1n1Paz/.pico-sdk/sdk/2.1.0/src/rp2_common/hardware_irq/irq.c.obj
                0x10001890                __pre_init_runtime_init_per_core_irq_priorities
 *(.preinit_array)
                0x10001894                        PROVIDE (__preinit_array_end = .)
                0x10001894                        . = ALIGN (0x4)
                0x10001894                        PROVIDE (__init_array_start = .)
 *(SORT_BY_NAME(.init_array.*))
 *(.init_array)
 .init_array    0x10001894        0x4 C:/Users/V1n1Paz/.pico-sdk/toolchain/13_3_Rel1/bin/../lib/gcc/arm-none-eabi/13.3.1/thumb/v6-m/nofp/crtbegin.o
                0x10001898                        PROVIDE (__init_array_end = .)
                0x10001898                        . = ALIGN (0x4)
                [!provide]                        PROVIDE (__fini_array_start = .)
 *(SORT_BY_NAME(.fini_array.*))
 *(.fini_array)
                [!provide]                        PROVIDE (__fini_array_end = .)
 *(.eh_frame*)
 .eh_frame      0x10001898        0x0 C:/Users/V1n1Paz/.pico-sdk/toolchain/13_3_Rel1/bin/../lib/gcc/arm-none-eabi/13.3.1/thumb/v6-m/nofp/crtbegin.o
                0x10001898                        . = ALIGN (0x4)

.glue_7         0x10001898        0x0
 .glue_7        0x10001898        0x0 linker stubs

.glue_7t        0x10001898        0x0
 .glue_7t       0x10001898        0x0 linker stubs

.vfp11_veneer   0x10001898        0x0
 .vfp11_veneer  0x10001898        0x0 linker stubs

.v4_bx          0x10001898        0x0
 .v4_bx         0x10001898        0x0 linker stubs

.iplt           0x10001898        0x0
 .iplt          0x10001898        0x0 C:/Users/V1n1Paz/.pico-sdk/toolchain/13_3_Rel1/bin/../lib/gcc/arm-none-eabi/13.3.1/thumb/v6-m/nofp/crtbegin.o

.rodata         0x10001898      0x128
 *(EXCLUDE_FILE(*libm.a: *libc.a:*lib_a-mem*.o *libgcc.a:) .rodata*)
 .rodata.main.str1.4
                0x10001898       0xc4 CMakeFiles/victor-atv-2.dir/victor-atv-2.c.obj
                                 0x20 (size before relaxing)
 .rodata.panic.str1.4
                0x1000195c       0x12 CMakeFiles/victor-atv-2.dir/C_/Users/V1n1Paz/.pico-sdk/sdk/2.1.0/src/rp2_common/pico_platform_panic/panic.c.obj
 .rodata.timer_hardware_alarm_claim.str1.4
                0x1000195c       0x22 CMakeFiles/victor-atv-2.dir/C_/Users/V1n1Paz/.pico-sdk/sdk/2.1.0/src/rp2_common/hardware_timer/timer.c.obj
 .rodata.hard_assertion_failure.str1.4
                0x1000195c        0xc CMakeFiles/victor-atv-2.dir/C_/Users/V1n1Paz/.pico-sdk/sdk/2.1.0/src/rp2_common/pico_runtime/runtime.c.obj
 .rodata.missing_double_func_shim.str1.4
                0x1000195c       0x18 CMakeFiles/victor-atv-2.dir/C_/Users/V1n1Paz/.pico-sdk/sdk/2.1.0/src/rp2_common/pico_double/double_init_rom_rp2040.c.obj
 .rodata.missing_float_func_shim.str1.4
                0x1000195c        0x1 CMakeFiles/victor-atv-2.dir/C_/Users/V1n1Paz/.pico-sdk/sdk/2.1.0/src/rp2_common/pico_float/float_init_rom_rp2040.c.obj
 .rodata.str1.4
                0x1000195c       0x48 CMakeFiles/victor-atv-2.dir/C_/Users/V1n1Paz/.pico-sdk/sdk/2.1.0/src/rp2_common/pico_standard_binary_info/standard_binary_info.c.obj
 .rodata.__bi_84
                0x1000195c        0xc CMakeFiles/victor-atv-2.dir/C_/Users/V1n1Paz/.pico-sdk/sdk/2.1.0/src/rp2_common/pico_standard_binary_info/standard_binary_info.c.obj
 .rodata.__bi_78
                0x10001968        0xc CMakeFiles/victor-atv-2.dir/C_/Users/V1n1Paz/.pico-sdk/sdk/2.1.0/src/rp2_common/pico_standard_binary_info/standard_binary_info.c.obj
 .rodata.__bi_60
                0x10001974        0xc CMakeFiles/victor-atv-2.dir/C_/Users/V1n1Paz/.pico-sdk/sdk/2.1.0/src/rp2_common/pico_standard_binary_info/standard_binary_info.c.obj
 .rodata.__bi_54
                0x10001980        0xc CMakeFiles/victor-atv-2.dir/C_/Users/V1n1Paz/.pico-sdk/sdk/2.1.0/src/rp2_common/pico_standard_binary_info/standard_binary_info.c.obj
 .rodata.__bi_48
                0x1000198c        0xc CMakeFiles/victor-atv-2.dir/C_/Users/V1n1Paz/.pico-sdk/sdk/2.1.0/src/rp2_common/pico_standard_binary_info/standard_binary_info.c.obj
 .rodata.__bi_42
                0x10001998        0xc CMakeFiles/victor-atv-2.dir/C_/Users/V1n1Paz/.pico-sdk/sdk/2.1.0/src/rp2_common/pico_standard_binary_info/standard_binary_info.c.obj
 .rodata.__bi_34
                0x100019a4        0xc CMakeFiles/victor-atv-2.dir/C_/Users/V1n1Paz/.pico-sdk/sdk/2.1.0/src/rp2_common/pico_standard_binary_info/standard_binary_info.c.obj
 .rodata.__bi_26
                0x100019b0        0xc CMakeFiles/victor-atv-2.dir/C_/Users/V1n1Paz/.pico-sdk/sdk/2.1.0/src/rp2_common/pico_standard_binary_info/standard_binary_info.c.obj
 .rodata.crlf_str.0
                0x100019bc        0x2 CMakeFiles/victor-atv-2.dir/C_/Users/V1n1Paz/.pico-sdk/sdk/2.1.0/src/rp2_common/pico_stdio/stdio.c.obj
                0x100019c0                        . = ALIGN (0x4)
 *fill*         0x100019be        0x2 
 *(SORT_BY_ALIGNMENT(SORT_BY_NAME(.flashdata*)))
                0x100019c0                        . = ALIGN (0x4)

.ARM.extab
 *(.ARM.extab* .gnu.linkonce.armextab.*)
                0x100019c0                        __exidx_start = .

.ARM.exidx
 *(.ARM.exidx* .gnu.linkonce.armexidx.*)
                0x100019c0                        __exidx_end = .
                0x100019c0                        . = ALIGN (0x4)
                0x100019c0                        __binary_info_start = .

.binary_info    0x100019c0       0x20
 *(.binary_info.keep.*)
 .binary_info.keep.__bi_ptr84
                0x100019c0        0x4 CMakeFiles/victor-atv-2.dir/C_/Users/V1n1Paz/.pico-sdk/sdk/2.1.0/src/rp2_common/pico_standard_binary_info/standard_binary_info.c.obj
 .binary_info.keep.__bi_ptr78
                0x100019c4        0x4 CMakeFiles/victor-atv-2.dir/C_/Users/V1n1Paz/.pico-sdk/sdk/2.1.0/src/rp2_common/pico_standard_binary_info/standard_binary_info.c.obj
 .binary_info.keep.__bi_ptr60
                0x100019c8        0x4 CMakeFiles/victor-atv-2.dir/C_/Users/V1n1Paz/.pico-sdk/sdk/2.1.0/src/rp2_common/pico_standard_binary_info/standard_binary_info.c.obj
 .binary_info.keep.__bi_ptr54
                0x100019cc        0x4 CMakeFiles/victor-atv-2.dir/C_/Users/V1n1Paz/.pico-sdk/sdk/2.1.0/src/rp2_common/pico_standard_binary_info/standard_binary_info.c.obj
 .binary_info.keep.__bi_ptr48
                0x100019d0        0x4 CMakeFiles/victor-atv-2.dir/C_/Users/V1n1Paz/.pico-sdk/sdk/2.1.0/src/rp2_common/pico_standard_binary_info/standard_binary_info.c.obj
 .binary_info.keep.__bi_ptr42
                0x100019d4        0x4 CMakeFiles/victor-atv-2.dir/C_/Users/V1n1Paz/.pico-sdk/sdk/2.1.0/src/rp2_common/pico_standard_binary_info/standard_binary_info.c.obj
 .binary_info.keep.__bi_ptr34
                0x100019d8        0x4 CMakeFiles/victor-atv-2.dir/C_/Users/V1n1Paz/.pico-sdk/sdk/2.1.0/src/rp2_common/pico_standard_binary_info/standard_binary_info.c.obj
 .binary_info.keep.__bi_ptr26
                0x100019dc        0x4 CMakeFiles/victor-atv-2.dir/C_/Users/V1n1Paz/.pico-sdk/sdk/2.1.0/src/rp2_common/pico_standard_binary_info/standard_binary_info.c.obj
 *(.binary_info.*)
                0x100019e0                        __binary_info_end = .

.rel.dyn        0x100019e0        0x0
 .rel.iplt      0x100019e0        0x0 C:/Users/V1n1Paz/.pico-sdk/toolchain/13_3_Rel1/bin/../lib/gcc/arm-none-eabi/13.3.1/thumb/v6-m/nofp/crtbegin.o
                0x100019e0                        . = ALIGN (0x4)

.ram_vector_table
                0x20000000       0xc0
 *(.ram_vector_table)
 .ram_vector_table
                0x20000000       0xc0 CMakeFiles/victor-atv-2.dir/C_/Users/V1n1Paz/.pico-sdk/sdk/2.1.0/src/rp2_common/pico_runtime_init/runtime_init.c.obj
                0x20000000                ram_vector_table

.uninitialized_data
                0x200000c0        0x0
                0x200000c0                        . = ALIGN (0x4)
 *(.uninitialized_data*)

.data           0x200000c0      0x128 load address 0x100019e0
                0x200000c0                        __data_start__ = .
 *(vtable)
 *(.time_critical*)
 .time_critical.mutex_try_enter_block_until
                0x200000c0       0x9c CMakeFiles/victor-atv-2.dir/C_/Users/V1n1Paz/.pico-sdk/sdk/2.1.0/src/common/pico_sync/mutex.c.obj
                0x200000c0                mutex_try_enter_block_until
 .time_critical.mutex_exit
                0x2000015c       0x28 CMakeFiles/victor-atv-2.dir/C_/Users/V1n1Paz/.pico-sdk/sdk/2.1.0/src/common/pico_sync/mutex.c.obj
                0x2000015c                mutex_exit
 *(.text*)
 .text          0x20000184        0x4 C:/Users/V1n1Paz/.pico-sdk/toolchain/13_3_Rel1/bin/../lib/gcc/arm-none-eabi/13.3.1/thumb/v6-m/nofp\libgcc.a(_dvmd_tls.o)
                0x20000184                __aeabi_idiv0
                0x20000184                __aeabi_ldiv0
 .text.__stub   0x20000188       0x10 linker stubs
                0x20000198                        . = ALIGN (0x4)
 *(.rodata*)
                0x20000198                        . = ALIGN (0x4)
 *(.data*)
 .data.striped_spin_lock_num
                0x20000198        0x1 CMakeFiles/victor-atv-2.dir/C_/Users/V1n1Paz/.pico-sdk/sdk/2.1.0/src/rp2_common/hardware_sync/sync.c.obj
 *fill*         0x20000199        0x3 
 .data.default_alarm_pool
                0x2000019c       0x18 CMakeFiles/victor-atv-2.dir/C_/Users/V1n1Paz/.pico-sdk/sdk/2.1.0/src/common/pico_time/time.c.obj
 *fill*         0x200001b4        0xc 
 .data.aeabi_bits_funcs
                0x200001c0       0x10 CMakeFiles/victor-atv-2.dir/C_/Users/V1n1Paz/.pico-sdk/sdk/2.1.0/src/rp2_common/pico_bit_ops/bit_ops_aeabi.S.obj
                0x200001c0                aeabi_bits_funcs
                0x200001d0                aeabi_bits_funcs_end
 .data.aeabi_mem_funcs
                0x200001d0       0x10 CMakeFiles/victor-atv-2.dir/C_/Users/V1n1Paz/.pico-sdk/sdk/2.1.0/src/rp2_common/pico_mem_ops/mem_ops_aeabi.S.obj
                0x200001d0                aeabi_mem_funcs
                0x200001e0                aeabi_mem_funcs_end
                0x200001e0                        . = ALIGN (0x4)
 *(.after_data.*)
                0x200001e0                        . = ALIGN (0x4)
                0x200001e0                        PROVIDE (__mutex_array_start = .)
 *(SORT_BY_NAME(.mutex_array.*))
 *(.mutex_array)
 .mutex_array   0x200001e0        0x8 CMakeFiles/victor-atv-2.dir/C_/Users/V1n1Paz/.pico-sdk/sdk/2.1.0/src/rp2_common/pico_stdio/stdio.c.obj
                0x200001e8                        PROVIDE (__mutex_array_end = .)
                0x200001e8                        . = ALIGN (0x4)
 *(.jcr)
                0x200001e8                        . = ALIGN (0x4)

.tm_clone_table
                0x200001e8        0x0 load address 0x10001b08
 .tm_clone_table
                0x200001e8        0x0 C:/Users/V1n1Paz/.pico-sdk/toolchain/13_3_Rel1/bin/../lib/gcc/arm-none-eabi/13.3.1/thumb/v6-m/nofp/crtbegin.o
 .tm_clone_table
                0x200001e8        0x0 C:/Users/V1n1Paz/.pico-sdk/toolchain/13_3_Rel1/bin/../lib/gcc/arm-none-eabi/13.3.1/thumb/v6-m/nofp/crtend.o

.igot.plt       0x200001e8        0x0 load address 0x10001b08
 .igot.plt      0x200001e8        0x0 C:/Users/V1n1Paz/.pico-sdk/toolchain/13_3_Rel1/bin/../lib/gcc/arm-none-eabi/13.3.1/thumb/v6-m/nofp/crtbegin.o

.tdata          0x200001e8        0x0 load address 0x10001b08
                0x200001e8                        . = ALIGN (0x4)
 *(.tdata .tdata.* .gnu.linkonce.td.*)
                0x200001e8                        __tdata_end = .
                0x200001e8                        PROVIDE (__data_end__ = .)
                0x100019e0                        __etext = LOADADDR (.data)

.tbss           0x200001e8        0x0 load address 0x10001b08
                0x200001e8                        . = ALIGN (0x4)
                0x200001e8                        __bss_start__ = .
                0x200001e8                        __tls_base = .
 *(.tbss .tbss.* .gnu.linkonce.tb.*)
 *(.tcommon)
                0x200001e8                        __tls_end = .

.bss            0x200001e8      0x3ec load address 0x10001b08
                0x200001e8                        . = ALIGN (0x4)
                0x200001e8                        __tbss_end = .
 *(SORT_BY_ALIGNMENT(SORT_BY_NAME(.bss*)))
 .bss.default_alarm_pool_entries
                0x200001e8      0x180 CMakeFiles/victor-atv-2.dir/C_/Users/V1n1Paz/.pico-sdk/sdk/2.1.0/src/common/pico_time/time.c.obj
 .bss.sd_table  0x20000368      0x100 CMakeFiles/victor-atv-2.dir/C_/Users/V1n1Paz/.pico-sdk/sdk/2.1.0/src/rp2_common/pico_double/double_init_rom_rp2040.c.obj
                0x20000368                sd_table
 .bss.claimed   0x20000468        0x1 CMakeFiles/victor-atv-2.dir/C_/Users/V1n1Paz/.pico-sdk/sdk/2.1.0/src/rp2_common/hardware_timer/timer.c.obj
 *fill*         0x20000469        0x3 
 .bss.configured_freq
                0x2000046c       0x28 CMakeFiles/victor-atv-2.dir/C_/Users/V1n1Paz/.pico-sdk/sdk/2.1.0/src/rp2_common/hardware_clocks/clocks.c.obj
 .bss.drivers   0x20000494        0x4 CMakeFiles/victor-atv-2.dir/C_/Users/V1n1Paz/.pico-sdk/sdk/2.1.0/src/rp2_common/pico_stdio/stdio.c.obj
 .bss.filter    0x20000498        0x4 CMakeFiles/victor-atv-2.dir/C_/Users/V1n1Paz/.pico-sdk/sdk/2.1.0/src/rp2_common/pico_stdio/stdio.c.obj
 .bss.lazy_vsnprintf
                0x2000049c        0x4 CMakeFiles/victor-atv-2.dir/C_/Users/V1n1Paz/.pico-sdk/sdk/2.1.0/src/rp2_common/pico_printf/printf.c.obj
 .bss.object.0  0x200004a0       0x18 C:/Users/V1n1Paz/.pico-sdk/toolchain/13_3_Rel1/bin/../lib/gcc/arm-none-eabi/13.3.1/thumb/v6-m/nofp/crtbegin.o
 .bss.pools     0x200004b8       0x10 CMakeFiles/victor-atv-2.dir/C_/Users/V1n1Paz/.pico-sdk/sdk/2.1.0/src/common/pico_time/time.c.obj
 .bss.sf_clz_func
                0x200004c8        0x4 CMakeFiles/victor-atv-2.dir/C_/Users/V1n1Paz/.pico-sdk/sdk/2.1.0/src/rp2_common/pico_double/double_init_rom_rp2040.c.obj
                0x200004c8                sf_clz_func
 .bss.sf_table  0x200004cc      0x100 CMakeFiles/victor-atv-2.dir/C_/Users/V1n1Paz/.pico-sdk/sdk/2.1.0/src/rp2_common/pico_float/float_init_rom_rp2040.c.obj
                0x200004cc                sf_table
 .bss.sleep_notifier
                0x200005cc        0x4 CMakeFiles/victor-atv-2.dir/C_/Users/V1n1Paz/.pico-sdk/sdk/2.1.0/src/common/pico_time/time.c.obj
 .bss.estado_atual
                0x200005d0        0x1 CMakeFiles/victor-atv-2.dir/victor-atv-2.c.obj
                0x200005d0                estado_atual
 *(COMMON)
                0x200005d4                        . = ALIGN (0x4)
 *fill*         0x200005d1        0x3 
                0x200005d4                        __bss_end__ = .

.heap           0x200005d4      0x800 load address 0x10001b08
                0x200005d4                        __end__ = .
                0x200005d4                        end = __end__
 *(.heap*)
 .heap          0x200005d4      0x800 CMakeFiles/victor-atv-2.dir/C_/Users/V1n1Paz/.pico-sdk/sdk/2.1.0/src/rp2_common/pico_crt0/crt0.S.obj
                0x20040000                        __HeapLimit = (ORIGIN (RAM) + LENGTH (RAM))

.scratch_x      0x20040000        0x0 load address 0x10001b08
                0x20040000                        __scratch_x_start__ = .
 *(.scratch_x.*)
                0x20040000                        . = ALIGN (0x4)
                0x20040000                        __scratch_x_end__ = .
                0x10001b08                        __scratch_x_source__ = LOADADDR (.scratch_x)

.scratch_y      0x20041000        0x0 load address 0x10001b08
                0x20041000                        __scratch_y_start__ = .
 *(.scratch_y.*)
                0x20041000                        . = ALIGN (0x4)
                0x20041000                        __scratch_y_end__ = .
                0x10001b08                        __scratch_y_source__ = LOADADDR (.scratch_y)

.stack1_dummy
 *(.stack1*)

.stack_dummy    0x20041000      0x800
 *(.stack*)
 .stack         0x20041000      0x800 CMakeFiles/victor-atv-2.dir/C_/Users/V1n1Paz/.pico-sdk/sdk/2.1.0/src/rp2_common/pico_crt0/crt0.S.obj

.flash_end      0x10001b08        0x0
 *(.embedded_end_block*)
                0x10001b08                        PROVIDE (__flash_binary_end = .)
                0x20040000                        __StackLimit = (ORIGIN (RAM) + LENGTH (RAM))
                0x20041000                        __StackOneTop = (ORIGIN (SCRATCH_X) + LENGTH (SCRATCH_X))
                0x20042000                        __StackTop = (ORIGIN (SCRATCH_Y) + LENGTH (SCRATCH_Y))
                0x20041000                        __StackOneBottom = (__StackOneTop - SIZEOF (.stack1_dummy))
                0x20041800                        __StackBottom = (__StackTop - SIZEOF (.stack_dummy))
                0x20042000                        PROVIDE (__stack = __StackTop)
                [!provide]                        PROVIDE (__heap_start = __end__)
                [!provide]                        PROVIDE (__heap_end = __HeapLimit)
                [!provide]                        PROVIDE (__tls_align = MAX (ALIGNOF (.tdata), ALIGNOF (.tbss)))
                [!provide]                        PROVIDE (__tls_size_align = (((__tls_size + __tls_align) - 0x1) & ~ ((__tls_align - 0x1))))
                [!provide]                        PROVIDE (__arm32_tls_tcb_offset = MAX (0x8, __tls_align))
                [!provide]                        PROVIDE (_end = __end__)
                [!provide]                        PROVIDE (__llvm_libc_heap_limit = __HeapLimit)
                0x00000001                        ASSERT ((__StackLimit >= __HeapLimit), region RAM overflowed)
                0x00000001                        ASSERT (((__binary_info_header_end - __logical_binary_start) <= 0x100), Binary info must be in first 256 bytes of the binary)
LOAD CMakeFiles/victor-atv-2.dir/victor-atv-2.c.obj
LOAD CMakeFiles/victor-atv-2.dir/C_/Users/V1n1Paz/.pico-sdk/sdk/2.1.0/src/rp2_common/pico_stdlib/stdlib.c.obj
LOAD CMakeFiles/victor-atv-2.dir/C_/Users/V1n1Paz/.pico-sdk/sdk/2.1.0/src/rp2_common/hardware_gpio/gpio.c.obj
LOAD CMakeFiles/victor-atv-2.dir/C_/Users/V1n1Paz/.pico-sdk/sdk/2.1.0/src/rp2040/pico_platform/platform.c.obj
LOAD CMakeFiles/victor-atv-2.dir/C_/Users/V1n1Paz/.pico-sdk/sdk/2.1.0/src/rp2_common/pico_platform_panic/panic.c.obj
LOAD CMakeFiles/victor-atv-2.dir/C_/Users/V1n1Paz/.pico-sdk/sdk/2.1.0/src/common/hardware_claim/claim.c.obj
LOAD CMakeFiles/victor-atv-2.dir/C_/Users/V1n1Paz/.pico-sdk/sdk/2.1.0/src/rp2_common/hardware_sync/sync.c.obj
LOAD CMakeFiles/victor-atv-2.dir/C_/Users/V1n1Paz/.pico-sdk/sdk/2.1.0/src/rp2_common/hardware_sync_spin_lock/sync_spin_lock.c.obj
LOAD CMakeFiles/victor-atv-2.dir/C_/Users/V1n1Paz/.pico-sdk/sdk/2.1.0/src/rp2_common/hardware_irq/irq.c.obj
LOAD CMakeFiles/victor-atv-2.dir/C_/Users/V1n1Paz/.pico-sdk/sdk/2.1.0/src/rp2_common/hardware_irq/irq_handler_chain.S.obj
LOAD CMakeFiles/victor-atv-2.dir/C_/Users/V1n1Paz/.pico-sdk/sdk/2.1.0/src/common/pico_sync/sem.c.obj
LOAD CMakeFiles/victor-atv-2.dir/C_/Users/V1n1Paz/.pico-sdk/sdk/2.1.0/src/common/pico_sync/lock_core.c.obj
LOAD CMakeFiles/victor-atv-2.dir/C_/Users/V1n1Paz/.pico-sdk/sdk/2.1.0/src/common/pico_sync/mutex.c.obj
LOAD CMakeFiles/victor-atv-2.dir/C_/Users/V1n1Paz/.pico-sdk/sdk/2.1.0/src/common/pico_sync/critical_section.c.obj
LOAD CMakeFiles/victor-atv-2.dir/C_/Users/V1n1Paz/.pico-sdk/sdk/2.1.0/src/common/pico_time/time.c.obj
LOAD CMakeFiles/victor-atv-2.dir/C_/Users/V1n1Paz/.pico-sdk/sdk/2.1.0/src/common/pico_time/timeout_helper.c.obj
LOAD CMakeFiles/victor-atv-2.dir/C_/Users/V1n1Paz/.pico-sdk/sdk/2.1.0/src/rp2_common/hardware_timer/timer.c.obj
LOAD CMakeFiles/victor-atv-2.dir/C_/Users/V1n1Paz/.pico-sdk/sdk/2.1.0/src/common/pico_util/datetime.c.obj
LOAD CMakeFiles/victor-atv-2.dir/C_/Users/V1n1Paz/.pico-sdk/sdk/2.1.0/src/common/pico_util/pheap.c.obj
LOAD CMakeFiles/victor-atv-2.dir/C_/Users/V1n1Paz/.pico-sdk/sdk/2.1.0/src/common/pico_util/queue.c.obj
LOAD CMakeFiles/victor-atv-2.dir/C_/Users/V1n1Paz/.pico-sdk/sdk/2.1.0/src/rp2_common/hardware_uart/uart.c.obj
LOAD CMakeFiles/victor-atv-2.dir/C_/Users/V1n1Paz/.pico-sdk/sdk/2.1.0/src/rp2_common/hardware_clocks/clocks.c.obj
LOAD CMakeFiles/victor-atv-2.dir/C_/Users/V1n1Paz/.pico-sdk/sdk/2.1.0/src/rp2_common/hardware_pll/pll.c.obj
LOAD CMakeFiles/victor-atv-2.dir/C_/Users/V1n1Paz/.pico-sdk/sdk/2.1.0/src/rp2_common/hardware_vreg/vreg.c.obj
LOAD CMakeFiles/victor-atv-2.dir/C_/Users/V1n1Paz/.pico-sdk/sdk/2.1.0/src/rp2_common/hardware_watchdog/watchdog.c.obj
LOAD CMakeFiles/victor-atv-2.dir/C_/Users/V1n1Paz/.pico-sdk/sdk/2.1.0/src/rp2_common/hardware_ticks/ticks.c.obj
LOAD CMakeFiles/victor-atv-2.dir/C_/Users/V1n1Paz/.pico-sdk/sdk/2.1.0/src/rp2_common/pico_bootrom/bootrom.c.obj
LOAD CMakeFiles/victor-atv-2.dir/C_/Users/V1n1Paz/.pico-sdk/sdk/2.1.0/src/rp2_common/pico_bootrom/bootrom_lock.c.obj
LOAD CMakeFiles/victor-atv-2.dir/C_/Users/V1n1Paz/.pico-sdk/sdk/2.1.0/src/rp2_common/hardware_boot_lock/boot_lock.c.obj
LOAD CMakeFiles/victor-atv-2.dir/C_/Users/V1n1Paz/.pico-sdk/sdk/2.1.0/src/rp2_common/pico_flash/flash.c.obj
LOAD CMakeFiles/victor-atv-2.dir/C_/Users/V1n1Paz/.pico-sdk/sdk/2.1.0/src/rp2_common/hardware_xosc/xosc.c.obj
LOAD CMakeFiles/victor-atv-2.dir/C_/Users/V1n1Paz/.pico-sdk/sdk/2.1.0/src/rp2_common/hardware_divider/divider.S.obj
LOAD CMakeFiles/victor-atv-2.dir/C_/Users/V1n1Paz/.pico-sdk/sdk/2.1.0/src/rp2_common/pico_runtime/runtime.c.obj
LOAD CMakeFiles/victor-atv-2.dir/C_/Users/V1n1Paz/.pico-sdk/sdk/2.1.0/src/rp2_common/pico_runtime_init/runtime_init.c.obj
LOAD CMakeFiles/victor-atv-2.dir/C_/Users/V1n1Paz/.pico-sdk/sdk/2.1.0/src/rp2_common/pico_runtime_init/runtime_init_clocks.c.obj
LOAD CMakeFiles/victor-atv-2.dir/C_/Users/V1n1Paz/.pico-sdk/sdk/2.1.0/src/rp2_common/pico_runtime_init/runtime_init_stack_guard.c.obj
LOAD CMakeFiles/victor-atv-2.dir/C_/Users/V1n1Paz/.pico-sdk/sdk/2.1.0/src/rp2_common/pico_bit_ops/bit_ops_aeabi.S.obj
LOAD CMakeFiles/victor-atv-2.dir/C_/Users/V1n1Paz/.pico-sdk/sdk/2.1.0/src/rp2_common/pico_divider/divider_hardware.S.obj
LOAD CMakeFiles/victor-atv-2.dir/C_/Users/V1n1Paz/.pico-sdk/sdk/2.1.0/src/rp2_common/pico_double/double_aeabi_rp2040.S.obj
LOAD CMakeFiles/victor-atv-2.dir/C_/Users/V1n1Paz/.pico-sdk/sdk/2.1.0/src/rp2_common/pico_double/double_init_rom_rp2040.c.obj
LOAD CMakeFiles/victor-atv-2.dir/C_/Users/V1n1Paz/.pico-sdk/sdk/2.1.0/src/rp2_common/pico_double/double_math.c.obj
LOAD CMakeFiles/victor-atv-2.dir/C_/Users/V1n1Paz/.pico-sdk/sdk/2.1.0/src/rp2_common/pico_double/double_v1_rom_shim_rp2040.S.obj
LOAD CMakeFiles/victor-atv-2.dir/C_/Users/V1n1Paz/.pico-sdk/sdk/2.1.0/src/rp2_common/pico_int64_ops/pico_int64_ops_aeabi.S.obj
LOAD CMakeFiles/victor-atv-2.dir/C_/Users/V1n1Paz/.pico-sdk/sdk/2.1.0/src/rp2_common/pico_float/float_aeabi_rp2040.S.obj
LOAD CMakeFiles/victor-atv-2.dir/C_/Users/V1n1Paz/.pico-sdk/sdk/2.1.0/src/rp2_common/pico_float/float_init_rom_rp2040.c.obj
LOAD CMakeFiles/victor-atv-2.dir/C_/Users/V1n1Paz/.pico-sdk/sdk/2.1.0/src/rp2_common/pico_float/float_math.c.obj
LOAD CMakeFiles/victor-atv-2.dir/C_/Users/V1n1Paz/.pico-sdk/sdk/2.1.0/src/rp2_common/pico_float/float_v1_rom_shim_rp2040.S.obj
LOAD CMakeFiles/victor-atv-2.dir/C_/Users/V1n1Paz/.pico-sdk/sdk/2.1.0/src/rp2_common/pico_malloc/malloc.c.obj
LOAD CMakeFiles/victor-atv-2.dir/C_/Users/V1n1Paz/.pico-sdk/sdk/2.1.0/src/rp2_common/pico_mem_ops/mem_ops_aeabi.S.obj
LOAD CMakeFiles/victor-atv-2.dir/C_/Users/V1n1Paz/.pico-sdk/sdk/2.1.0/src/rp2_common/pico_atomic/atomic.c.obj
LOAD CMakeFiles/victor-atv-2.dir/C_/Users/V1n1Paz/.pico-sdk/sdk/2.1.0/src/rp2_common/pico_cxx_options/new_delete.cpp.obj
LOAD CMakeFiles/victor-atv-2.dir/C_/Users/V1n1Paz/.pico-sdk/sdk/2.1.0/src/rp2_common/pico_standard_binary_info/standard_binary_info.c.obj
LOAD CMakeFiles/victor-atv-2.dir/C_/Users/V1n1Paz/.pico-sdk/sdk/2.1.0/src/rp2_common/pico_printf/printf.c.obj
LOAD CMakeFiles/victor-atv-2.dir/C_/Users/V1n1Paz/.pico-sdk/sdk/2.1.0/src/rp2_common/pico_crt0/crt0.S.obj
LOAD CMakeFiles/victor-atv-2.dir/C_/Users/V1n1Paz/.pico-sdk/sdk/2.1.0/src/rp2_common/pico_clib_interface/newlib_interface.c.obj
LOAD CMakeFiles/victor-atv-2.dir/C_/Users/V1n1Paz/.pico-sdk/sdk/2.1.0/src/rp2_common/pico_stdio/stdio.c.obj
LOAD pico-sdk/src/rp2040/boot_stage2/CMakeFiles/bs2_default_library.dir/./bs2_default_padded_checksummed.S.obj
LOAD C:/Users/V1n1Paz/.pico-sdk/toolchain/13_3_Rel1/bin/../lib/gcc/arm-none-eabi/13.3.1/thumb/v6-m/nofp\libstdc++.a
LOAD C:/Users/V1n1Paz/.pico-sdk/toolchain/13_3_Rel1/bin/../lib/gcc/arm-none-eabi/13.3.1/thumb/v6-m/nofp\libm.a
START GROUP
LOAD C:/Users/V1n1Paz/.pico-sdk/toolchain/13_3_Rel1/bin/../lib/gcc/arm-none-eabi/13.3.1/thumb/v6-m/nofp\libgcc.a
LOAD C:/Users/V1n1Paz/.pico-sdk/toolchain/13_3_Rel1/bin/../lib/gcc/arm-none-eabi/13.3.1/thumb/v6-m/nofp\libg.a
LOAD C:/Users/V1n1Paz/.pico-sdk/toolchain/13_3_Rel1/bin/../lib/gcc/arm-none-eabi/13.3.1/thumb/v6-m/nofp\libc.a
END GROUP
START GROUP
LOAD C:/Users/V1n1Paz/.pico-sdk/toolchain/13_3_Rel1/bin/../lib/gcc/arm-none-eabi/13.3.1/thumb/v6-m/nofp\libgcc.a
LOAD C:/Users/V1n1Paz/.pico-sdk/toolchain/13_3_Rel1/bin/../lib/gcc/arm-none-eabi/13.3.1/thumb/v6-m/nofp\libc.a
LOAD C:/Users/V1n1Paz/.pico-sdk/toolchain/13_3_Rel1/bin/../lib/gcc/arm-none-eabi/13.3.1/thumb/v6-m/nofp\libnosys.a
END GROUP
LOAD C:/Users/V1n1Paz/.pico-sdk/toolchain/13_3_Rel1/bin/../lib/gcc/arm-none-eabi/13.3.1/thumb/v6-m/nofp/crtend.o
LOAD C:/Users/V1n1Paz/.pico-sdk/toolchain/13_3_Rel1/bin/../lib/gcc/arm-none-eabi/13.3.1/thumb/v6-m/nofp/crtn.o
OUTPUT(victor-atv-2.elf elf32-littlearm)
LOAD linker stubs

.ARM.attributes
                0x00000000       0x28
 .ARM.attributes
                0x00000000       0x1e C:/Users/V1n1Paz/.pico-sdk/toolchain/13_3_Rel1/bin/../lib/gcc/arm-none-eabi/13.3.1/thumb/v6-m/nofp/crti.o
 .ARM.attributes
                0x0000001e       0x2c C:/Users/V1n1Paz/.pico-sdk/toolchain/13_3_Rel1/bin/../lib/gcc/arm-none-eabi/13.3.1/thumb/v6-m/nofp/crtbegin.o
 .ARM.attributes
                0x0000004a       0x2c CMakeFiles/victor-atv-2.dir/victor-atv-2.c.obj
 .ARM.attributes
                0x00000076       0x2c CMakeFiles/victor-atv-2.dir/C_/Users/V1n1Paz/.pico-sdk/sdk/2.1.0/src/rp2_common/hardware_gpio/gpio.c.obj
 .ARM.attributes
                0x000000a2       0x2c CMakeFiles/victor-atv-2.dir/C_/Users/V1n1Paz/.pico-sdk/sdk/2.1.0/src/rp2_common/pico_platform_panic/panic.c.obj
 .ARM.attributes
                0x000000ce       0x2c CMakeFiles/victor-atv-2.dir/C_/Users/V1n1Paz/.pico-sdk/sdk/2.1.0/src/common/hardware_claim/claim.c.obj
 .ARM.attributes
                0x000000fa       0x2c CMakeFiles/victor-atv-2.dir/C_/Users/V1n1Paz/.pico-sdk/sdk/2.1.0/src/rp2_common/hardware_sync/sync.c.obj
 .ARM.attributes
                0x00000126       0x2c CMakeFiles/victor-atv-2.dir/C_/Users/V1n1Paz/.pico-sdk/sdk/2.1.0/src/rp2_common/hardware_sync_spin_lock/sync_spin_lock.c.obj
 .ARM.attributes
                0x00000152       0x2c CMakeFiles/victor-atv-2.dir/C_/Users/V1n1Paz/.pico-sdk/sdk/2.1.0/src/rp2_common/hardware_irq/irq.c.obj
 .ARM.attributes
                0x0000017e       0x2c CMakeFiles/victor-atv-2.dir/C_/Users/V1n1Paz/.pico-sdk/sdk/2.1.0/src/common/pico_sync/lock_core.c.obj
 .ARM.attributes
                0x000001aa       0x2c CMakeFiles/victor-atv-2.dir/C_/Users/V1n1Paz/.pico-sdk/sdk/2.1.0/src/common/pico_sync/mutex.c.obj
 .ARM.attributes
                0x000001d6       0x2c CMakeFiles/victor-atv-2.dir/C_/Users/V1n1Paz/.pico-sdk/sdk/2.1.0/src/common/pico_time/time.c.obj
 .ARM.attributes
                0x00000202       0x2c CMakeFiles/victor-atv-2.dir/C_/Users/V1n1Paz/.pico-sdk/sdk/2.1.0/src/rp2_common/hardware_timer/timer.c.obj
 .ARM.attributes
                0x0000022e       0x2c CMakeFiles/victor-atv-2.dir/C_/Users/V1n1Paz/.pico-sdk/sdk/2.1.0/src/rp2_common/hardware_clocks/clocks.c.obj
 .ARM.attributes
                0x0000025a       0x2c CMakeFiles/victor-atv-2.dir/C_/Users/V1n1Paz/.pico-sdk/sdk/2.1.0/src/rp2_common/hardware_pll/pll.c.obj
 .ARM.attributes
                0x00000286       0x2c CMakeFiles/victor-atv-2.dir/C_/Users/V1n1Paz/.pico-sdk/sdk/2.1.0/src/rp2_common/hardware_ticks/ticks.c.obj
 .ARM.attributes
                0x000002b2       0x2c CMakeFiles/victor-atv-2.dir/C_/Users/V1n1Paz/.pico-sdk/sdk/2.1.0/src/rp2_common/pico_bootrom/bootrom.c.obj
 .ARM.attributes
                0x000002de       0x2c CMakeFiles/victor-atv-2.dir/C_/Users/V1n1Paz/.pico-sdk/sdk/2.1.0/src/rp2_common/hardware_xosc/xosc.c.obj
 .ARM.attributes
                0x0000030a       0x2c CMakeFiles/victor-atv-2.dir/C_/Users/V1n1Paz/.pico-sdk/sdk/2.1.0/src/rp2_common/pico_runtime/runtime.c.obj
 .ARM.attributes
                0x00000336       0x2c CMakeFiles/victor-atv-2.dir/C_/Users/V1n1Paz/.pico-sdk/sdk/2.1.0/src/rp2_common/pico_runtime_init/runtime_init.c.obj
 .ARM.attributes
                0x00000362       0x2c CMakeFiles/victor-atv-2.dir/C_/Users/V1n1Paz/.pico-sdk/sdk/2.1.0/src/rp2_common/pico_runtime_init/runtime_init_clocks.c.obj
 .ARM.attributes
                0x0000038e       0x22 CMakeFiles/victor-atv-2.dir/C_/Users/V1n1Paz/.pico-sdk/sdk/2.1.0/src/rp2_common/pico_bit_ops/bit_ops_aeabi.S.obj
 .ARM.attributes
                0x000003b0       0x22 CMakeFiles/victor-atv-2.dir/C_/Users/V1n1Paz/.pico-sdk/sdk/2.1.0/src/rp2_common/pico_divider/divider_hardware.S.obj
 .ARM.attributes
                0x000003d2       0x22 CMakeFiles/victor-atv-2.dir/C_/Users/V1n1Paz/.pico-sdk/sdk/2.1.0/src/rp2_common/pico_double/double_aeabi_rp2040.S.obj
 .ARM.attributes
                0x000003f4       0x2c CMakeFiles/victor-atv-2.dir/C_/Users/V1n1Paz/.pico-sdk/sdk/2.1.0/src/rp2_common/pico_double/double_init_rom_rp2040.c.obj
 .ARM.attributes
                0x00000420       0x22 CMakeFiles/victor-atv-2.dir/C_/Users/V1n1Paz/.pico-sdk/sdk/2.1.0/src/rp2_common/pico_double/double_v1_rom_shim_rp2040.S.obj
 .ARM.attributes
                0x00000442       0x22 CMakeFiles/victor-atv-2.dir/C_/Users/V1n1Paz/.pico-sdk/sdk/2.1.0/src/rp2_common/pico_int64_ops/pico_int64_ops_aeabi.S.obj
 .ARM.attributes
                0x00000464       0x22 CMakeFiles/victor-atv-2.dir/C_/Users/V1n1Paz/.pico-sdk/sdk/2.1.0/src/rp2_common/pico_float/float_aeabi_rp2040.S.obj
 .ARM.attributes
                0x00000486       0x2c CMakeFiles/victor-atv-2.dir/C_/Users/V1n1Paz/.pico-sdk/sdk/2.1.0/src/rp2_common/pico_float/float_init_rom_rp2040.c.obj
 .ARM.attributes
                0x000004b2       0x22 CMakeFiles/victor-atv-2.dir/C_/Users/V1n1Paz/.pico-sdk/sdk/2.1.0/src/rp2_common/pico_mem_ops/mem_ops_aeabi.S.obj
 .ARM.attributes
                0x000004d4       0x2c CMakeFiles/victor-atv-2.dir/C_/Users/V1n1Paz/.pico-sdk/sdk/2.1.0/src/rp2_common/pico_standard_binary_info/standard_binary_info.c.obj
 .ARM.attributes
                0x00000500       0x2c CMakeFiles/victor-atv-2.dir/C_/Users/V1n1Paz/.pico-sdk/sdk/2.1.0/src/rp2_common/pico_printf/printf.c.obj
 .ARM.attributes
                0x0000052c       0x22 CMakeFiles/victor-atv-2.dir/C_/Users/V1n1Paz/.pico-sdk/sdk/2.1.0/src/rp2_common/pico_crt0/crt0.S.obj
 .ARM.attributes
                0x0000054e       0x2c CMakeFiles/victor-atv-2.dir/C_/Users/V1n1Paz/.pico-sdk/sdk/2.1.0/src/rp2_common/pico_clib_interface/newlib_interface.c.obj
 .ARM.attributes
                0x0000057a       0x2c CMakeFiles/victor-atv-2.dir/C_/Users/V1n1Paz/.pico-sdk/sdk/2.1.0/src/rp2_common/pico_stdio/stdio.c.obj
 .ARM.attributes
                0x000005a6       0x22 pico-sdk/src/rp2040/boot_stage2/CMakeFiles/bs2_default_library.dir/./bs2_default_padded_checksummed.S.obj
 .ARM.attributes
                0x000005c8       0x1e C:/Users/V1n1Paz/.pico-sdk/toolchain/13_3_Rel1/bin/../lib/gcc/arm-none-eabi/13.3.1/thumb/v6-m/nofp\libgcc.a(_dvmd_tls.o)
 .ARM.attributes
                0x000005e6       0x2c C:/Users/V1n1Paz/.pico-sdk/toolchain/13_3_Rel1/bin/../lib/gcc/arm-none-eabi/13.3.1/thumb/v6-m/nofp\libg.a(libc_a-strlen-stub.o)
 .ARM.attributes
                0x00000612       0x2c C:/Users/V1n1Paz/.pico-sdk/toolchain/13_3_Rel1/bin/../lib/gcc/arm-none-eabi/13.3.1/thumb/v6-m/nofp/crtend.o

.comment        0x00000000       0x45
 .comment       0x00000000       0x45 CMakeFiles/victor-atv-2.dir/victor-atv-2.c.obj
                                 0x46 (size before relaxing)
 .comment       0x00000045       0x46 CMakeFiles/victor-atv-2.dir/C_/Users/V1n1Paz/.pico-sdk/sdk/2.1.0/src/rp2_common/hardware_gpio/gpio.c.obj
 .comment       0x00000045       0x46 CMakeFiles/victor-atv-2.dir/C_/Users/V1n1Paz/.pico-sdk/sdk/2.1.0/src/rp2_common/pico_platform_panic/panic.c.obj
 .comment       0x00000045       0x46 CMakeFiles/victor-atv-2.dir/C_/Users/V1n1Paz/.pico-sdk/sdk/2.1.0/src/common/hardware_claim/claim.c.obj
 .comment       0x00000045       0x46 CMakeFiles/victor-atv-2.dir/C_/Users/V1n1Paz/.pico-sdk/sdk/2.1.0/src/rp2_common/hardware_sync/sync.c.obj
 .comment       0x00000045       0x46 CMakeFiles/victor-atv-2.dir/C_/Users/V1n1Paz/.pico-sdk/sdk/2.1.0/src/rp2_common/hardware_sync_spin_lock/sync_spin_lock.c.obj
 .comment       0x00000045       0x46 CMakeFiles/victor-atv-2.dir/C_/Users/V1n1Paz/.pico-sdk/sdk/2.1.0/src/rp2_common/hardware_irq/irq.c.obj
 .comment       0x00000045       0x46 CMakeFiles/victor-atv-2.dir/C_/Users/V1n1Paz/.pico-sdk/sdk/2.1.0/src/common/pico_sync/lock_core.c.obj
 .comment       0x00000045       0x46 CMakeFiles/victor-atv-2.dir/C_/Users/V1n1Paz/.pico-sdk/sdk/2.1.0/src/common/pico_sync/mutex.c.obj
 .comment       0x00000045       0x46 CMakeFiles/victor-atv-2.dir/C_/Users/V1n1Paz/.pico-sdk/sdk/2.1.0/src/common/pico_time/time.c.obj
 .comment       0x00000045       0x46 CMakeFiles/victor-atv-2.dir/C_/Users/V1n1Paz/.pico-sdk/sdk/2.1.0/src/rp2_common/hardware_timer/timer.c.obj
 .comment       0x00000045       0x46 CMakeFiles/victor-atv-2.dir/C_/Users/V1n1Paz/.pico-sdk/sdk/2.1.0/src/rp2_common/hardware_clocks/clocks.c.obj
 .comment       0x00000045       0x46 CMakeFiles/victor-atv-2.dir/C_/Users/V1n1Paz/.pico-sdk/sdk/2.1.0/src/rp2_common/hardware_pll/pll.c.obj
 .comment       0x00000045       0x46 CMakeFiles/victor-atv-2.dir/C_/Users/V1n1Paz/.pico-sdk/sdk/2.1.0/src/rp2_common/hardware_ticks/ticks.c.obj
 .comment       0x00000045       0x46 CMakeFiles/victor-atv-2.dir/C_/Users/V1n1Paz/.pico-sdk/sdk/2.1.0/src/rp2_common/pico_bootrom/bootrom.c.obj
 .comment       0x00000045       0x46 CMakeFiles/victor-atv-2.dir/C_/Users/V1n1Paz/.pico-sdk/sdk/2.1.0/src/rp2_common/hardware_xosc/xosc.c.obj
 .comment       0x00000045       0x46 CMakeFiles/victor-atv-2.dir/C_/Users/V1n1Paz/.pico-sdk/sdk/2.1.0/src/rp2_common/pico_runtime/runtime.c.obj
 .comment       0x00000045       0x46 CMakeFiles/victor-atv-2.dir/C_/Users/V1n1Paz/.pico-sdk/sdk/2.1.0/src/rp2_common/pico_runtime_init/runtime_init.c.obj
 .comment       0x00000045       0x46 CMakeFiles/victor-atv-2.dir/C_/Users/V1n1Paz/.pico-sdk/sdk/2.1.0/src/rp2_common/pico_runtime_init/runtime_init_clocks.c.obj
 .comment       0x00000045       0x46 CMakeFiles/victor-atv-2.dir/C_/Users/V1n1Paz/.pico-sdk/sdk/2.1.0/src/rp2_common/pico_double/double_init_rom_rp2040.c.obj
 .comment       0x00000045       0x46 CMakeFiles/victor-atv-2.dir/C_/Users/V1n1Paz/.pico-sdk/sdk/2.1.0/src/rp2_common/pico_float/float_init_rom_rp2040.c.obj
 .comment       0x00000045       0x46 CMakeFiles/victor-atv-2.dir/C_/Users/V1n1Paz/.pico-sdk/sdk/2.1.0/src/rp2_common/pico_standard_binary_info/standard_binary_info.c.obj
 .comment       0x00000045       0x46 CMakeFiles/victor-atv-2.dir/C_/Users/V1n1Paz/.pico-sdk/sdk/2.1.0/src/rp2_common/pico_printf/printf.c.obj
 .comment       0x00000045       0x46 CMakeFiles/victor-atv-2.dir/C_/Users/V1n1Paz/.pico-sdk/sdk/2.1.0/src/rp2_common/pico_clib_interface/newlib_interface.c.obj
 .comment       0x00000045       0x46 CMakeFiles/victor-atv-2.dir/C_/Users/V1n1Paz/.pico-sdk/sdk/2.1.0/src/rp2_common/pico_stdio/stdio.c.obj

.debug_info     0x00000000    0x19c7b
 .debug_info    0x00000000      0xcc5 CMakeFiles/victor-atv-2.dir/victor-atv-2.c.obj
 .debug_info    0x00000cc5     0x2437 CMakeFiles/victor-atv-2.dir/C_/Users/V1n1Paz/.pico-sdk/sdk/2.1.0/src/rp2_common/hardware_gpio/gpio.c.obj
 .debug_info    0x000030fc      0x1bf CMakeFiles/victor-atv-2.dir/C_/Users/V1n1Paz/.pico-sdk/sdk/2.1.0/src/rp2_common/pico_platform_panic/panic.c.obj
 .debug_info    0x000032bb      0x995 CMakeFiles/victor-atv-2.dir/C_/Users/V1n1Paz/.pico-sdk/sdk/2.1.0/src/common/hardware_claim/claim.c.obj
 .debug_info    0x00003c50      0x458 CMakeFiles/victor-atv-2.dir/C_/Users/V1n1Paz/.pico-sdk/sdk/2.1.0/src/rp2_common/hardware_sync/sync.c.obj
 .debug_info    0x000040a8      0x245 CMakeFiles/victor-atv-2.dir/C_/Users/V1n1Paz/.pico-sdk/sdk/2.1.0/src/rp2_common/hardware_sync_spin_lock/sync_spin_lock.c.obj
 .debug_info    0x000042ed     0x21a8 CMakeFiles/victor-atv-2.dir/C_/Users/V1n1Paz/.pico-sdk/sdk/2.1.0/src/rp2_common/hardware_irq/irq.c.obj
 .debug_info    0x00006495      0x15f CMakeFiles/victor-atv-2.dir/C_/Users/V1n1Paz/.pico-sdk/sdk/2.1.0/src/common/pico_sync/lock_core.c.obj
 .debug_info    0x000065f4     0x2803 CMakeFiles/victor-atv-2.dir/C_/Users/V1n1Paz/.pico-sdk/sdk/2.1.0/src/common/pico_sync/mutex.c.obj
 .debug_info    0x00008df7     0x485e CMakeFiles/victor-atv-2.dir/C_/Users/V1n1Paz/.pico-sdk/sdk/2.1.0/src/common/pico_time/time.c.obj
 .debug_info    0x0000d655     0x2b11 CMakeFiles/victor-atv-2.dir/C_/Users/V1n1Paz/.pico-sdk/sdk/2.1.0/src/rp2_common/hardware_timer/timer.c.obj
 .debug_info    0x00010166     0x2935 CMakeFiles/victor-atv-2.dir/C_/Users/V1n1Paz/.pico-sdk/sdk/2.1.0/src/rp2_common/hardware_clocks/clocks.c.obj
 .debug_info    0x00012a9b      0x4e5 CMakeFiles/victor-atv-2.dir/C_/Users/V1n1Paz/.pico-sdk/sdk/2.1.0/src/rp2_common/hardware_pll/pll.c.obj
 .debug_info    0x00012f80      0x248 CMakeFiles/victor-atv-2.dir/C_/Users/V1n1Paz/.pico-sdk/sdk/2.1.0/src/rp2_common/hardware_ticks/ticks.c.obj
 .debug_info    0x000131c8      0x633 CMakeFiles/victor-atv-2.dir/C_/Users/V1n1Paz/.pico-sdk/sdk/2.1.0/src/rp2_common/pico_bootrom/bootrom.c.obj
 .debug_info    0x000137fb      0x1cc CMakeFiles/victor-atv-2.dir/C_/Users/V1n1Paz/.pico-sdk/sdk/2.1.0/src/rp2_common/hardware_xosc/xosc.c.obj
 .debug_info    0x000139c7      0x21a CMakeFiles/victor-atv-2.dir/C_/Users/V1n1Paz/.pico-sdk/sdk/2.1.0/src/rp2_common/pico_runtime/runtime.c.obj
 .debug_info    0x00013be1      0x795 CMakeFiles/victor-atv-2.dir/C_/Users/V1n1Paz/.pico-sdk/sdk/2.1.0/src/rp2_common/pico_runtime_init/runtime_init.c.obj
 .debug_info    0x00014376      0x780 CMakeFiles/victor-atv-2.dir/C_/Users/V1n1Paz/.pico-sdk/sdk/2.1.0/src/rp2_common/pico_runtime_init/runtime_init_clocks.c.obj
 .debug_info    0x00014af6       0x23 CMakeFiles/victor-atv-2.dir/C_/Users/V1n1Paz/.pico-sdk/sdk/2.1.0/src/rp2_common/pico_bit_ops/bit_ops_aeabi.S.obj
 .debug_info    0x00014b19       0x23 CMakeFiles/victor-atv-2.dir/C_/Users/V1n1Paz/.pico-sdk/sdk/2.1.0/src/rp2_common/pico_divider/divider_hardware.S.obj
 .debug_info    0x00014b3c       0x23 CMakeFiles/victor-atv-2.dir/C_/Users/V1n1Paz/.pico-sdk/sdk/2.1.0/src/rp2_common/pico_double/double_aeabi_rp2040.S.obj
 .debug_info    0x00014b5f      0x2d0 CMakeFiles/victor-atv-2.dir/C_/Users/V1n1Paz/.pico-sdk/sdk/2.1.0/src/rp2_common/pico_double/double_init_rom_rp2040.c.obj
 .debug_info    0x00014e2f       0x24 CMakeFiles/victor-atv-2.dir/C_/Users/V1n1Paz/.pico-sdk/sdk/2.1.0/src/rp2_common/pico_double/double_v1_rom_shim_rp2040.S.obj
 .debug_info    0x00014e53       0x24 CMakeFiles/victor-atv-2.dir/C_/Users/V1n1Paz/.pico-sdk/sdk/2.1.0/src/rp2_common/pico_int64_ops/pico_int64_ops_aeabi.S.obj
 .debug_info    0x00014e77       0x23 CMakeFiles/victor-atv-2.dir/C_/Users/V1n1Paz/.pico-sdk/sdk/2.1.0/src/rp2_common/pico_float/float_aeabi_rp2040.S.obj
 .debug_info    0x00014e9a      0x2bc CMakeFiles/victor-atv-2.dir/C_/Users/V1n1Paz/.pico-sdk/sdk/2.1.0/src/rp2_common/pico_float/float_init_rom_rp2040.c.obj
 .debug_info    0x00015156       0x23 CMakeFiles/victor-atv-2.dir/C_/Users/V1n1Paz/.pico-sdk/sdk/2.1.0/src/rp2_common/pico_mem_ops/mem_ops_aeabi.S.obj
 .debug_info    0x00015179      0x2e2 CMakeFiles/victor-atv-2.dir/C_/Users/V1n1Paz/.pico-sdk/sdk/2.1.0/src/rp2_common/pico_standard_binary_info/standard_binary_info.c.obj
 .debug_info    0x0001545b     0x211a CMakeFiles/victor-atv-2.dir/C_/Users/V1n1Paz/.pico-sdk/sdk/2.1.0/src/rp2_common/pico_printf/printf.c.obj
 .debug_info    0x00017575       0x23 CMakeFiles/victor-atv-2.dir/C_/Users/V1n1Paz/.pico-sdk/sdk/2.1.0/src/rp2_common/pico_crt0/crt0.S.obj
 .debug_info    0x00017598      0xb54 CMakeFiles/victor-atv-2.dir/C_/Users/V1n1Paz/.pico-sdk/sdk/2.1.0/src/rp2_common/pico_clib_interface/newlib_interface.c.obj
 .debug_info    0x000180ec     0x1b8f CMakeFiles/victor-atv-2.dir/C_/Users/V1n1Paz/.pico-sdk/sdk/2.1.0/src/rp2_common/pico_stdio/stdio.c.obj

.debug_abbrev   0x00000000     0x4b76
 .debug_abbrev  0x00000000      0x343 CMakeFiles/victor-atv-2.dir/victor-atv-2.c.obj
 .debug_abbrev  0x00000343      0x4f9 CMakeFiles/victor-atv-2.dir/C_/Users/V1n1Paz/.pico-sdk/sdk/2.1.0/src/rp2_common/hardware_gpio/gpio.c.obj
 .debug_abbrev  0x0000083c      0x12b CMakeFiles/victor-atv-2.dir/C_/Users/V1n1Paz/.pico-sdk/sdk/2.1.0/src/rp2_common/pico_platform_panic/panic.c.obj
 .debug_abbrev  0x00000967      0x33b CMakeFiles/victor-atv-2.dir/C_/Users/V1n1Paz/.pico-sdk/sdk/2.1.0/src/common/hardware_claim/claim.c.obj
 .debug_abbrev  0x00000ca2      0x20d CMakeFiles/victor-atv-2.dir/C_/Users/V1n1Paz/.pico-sdk/sdk/2.1.0/src/rp2_common/hardware_sync/sync.c.obj
 .debug_abbrev  0x00000eaf      0x1bb CMakeFiles/victor-atv-2.dir/C_/Users/V1n1Paz/.pico-sdk/sdk/2.1.0/src/rp2_common/hardware_sync_spin_lock/sync_spin_lock.c.obj
 .debug_abbrev  0x0000106a      0x5ff CMakeFiles/victor-atv-2.dir/C_/Users/V1n1Paz/.pico-sdk/sdk/2.1.0/src/rp2_common/hardware_irq/irq.c.obj
 .debug_abbrev  0x00001669       0xee CMakeFiles/victor-atv-2.dir/C_/Users/V1n1Paz/.pico-sdk/sdk/2.1.0/src/common/pico_sync/lock_core.c.obj
 .debug_abbrev  0x00001757      0x48c CMakeFiles/victor-atv-2.dir/C_/Users/V1n1Paz/.pico-sdk/sdk/2.1.0/src/common/pico_sync/mutex.c.obj
 .debug_abbrev  0x00001be3      0x67b CMakeFiles/victor-atv-2.dir/C_/Users/V1n1Paz/.pico-sdk/sdk/2.1.0/src/common/pico_time/time.c.obj
 .debug_abbrev  0x0000225e      0x4f2 CMakeFiles/victor-atv-2.dir/C_/Users/V1n1Paz/.pico-sdk/sdk/2.1.0/src/rp2_common/hardware_timer/timer.c.obj
 .debug_abbrev  0x00002750      0x4e2 CMakeFiles/victor-atv-2.dir/C_/Users/V1n1Paz/.pico-sdk/sdk/2.1.0/src/rp2_common/hardware_clocks/clocks.c.obj
 .debug_abbrev  0x00002c32      0x1d2 CMakeFiles/victor-atv-2.dir/C_/Users/V1n1Paz/.pico-sdk/sdk/2.1.0/src/rp2_common/hardware_pll/pll.c.obj
 .debug_abbrev  0x00002e04      0x145 CMakeFiles/victor-atv-2.dir/C_/Users/V1n1Paz/.pico-sdk/sdk/2.1.0/src/rp2_common/hardware_ticks/ticks.c.obj
 .debug_abbrev  0x00002f49      0x1d7 CMakeFiles/victor-atv-2.dir/C_/Users/V1n1Paz/.pico-sdk/sdk/2.1.0/src/rp2_common/pico_bootrom/bootrom.c.obj
 .debug_abbrev  0x00003120      0x11b CMakeFiles/victor-atv-2.dir/C_/Users/V1n1Paz/.pico-sdk/sdk/2.1.0/src/rp2_common/hardware_xosc/xosc.c.obj
 .debug_abbrev  0x0000323b      0x182 CMakeFiles/victor-atv-2.dir/C_/Users/V1n1Paz/.pico-sdk/sdk/2.1.0/src/rp2_common/pico_runtime/runtime.c.obj
 .debug_abbrev  0x000033bd      0x222 CMakeFiles/victor-atv-2.dir/C_/Users/V1n1Paz/.pico-sdk/sdk/2.1.0/src/rp2_common/pico_runtime_init/runtime_init.c.obj
 .debug_abbrev  0x000035df      0x294 CMakeFiles/victor-atv-2.dir/C_/Users/V1n1Paz/.pico-sdk/sdk/2.1.0/src/rp2_common/pico_runtime_init/runtime_init_clocks.c.obj
 .debug_abbrev  0x00003873       0x12 CMakeFiles/victor-atv-2.dir/C_/Users/V1n1Paz/.pico-sdk/sdk/2.1.0/src/rp2_common/pico_bit_ops/bit_ops_aeabi.S.obj
 .debug_abbrev  0x00003885       0x12 CMakeFiles/victor-atv-2.dir/C_/Users/V1n1Paz/.pico-sdk/sdk/2.1.0/src/rp2_common/pico_divider/divider_hardware.S.obj
 .debug_abbrev  0x00003897       0x12 CMakeFiles/victor-atv-2.dir/C_/Users/V1n1Paz/.pico-sdk/sdk/2.1.0/src/rp2_common/pico_double/double_aeabi_rp2040.S.obj
 .debug_abbrev  0x000038a9      0x1bb CMakeFiles/victor-atv-2.dir/C_/Users/V1n1Paz/.pico-sdk/sdk/2.1.0/src/rp2_common/pico_double/double_init_rom_rp2040.c.obj
 .debug_abbrev  0x00003a64       0x14 CMakeFiles/victor-atv-2.dir/C_/Users/V1n1Paz/.pico-sdk/sdk/2.1.0/src/rp2_common/pico_double/double_v1_rom_shim_rp2040.S.obj
 .debug_abbrev  0x00003a78       0x14 CMakeFiles/victor-atv-2.dir/C_/Users/V1n1Paz/.pico-sdk/sdk/2.1.0/src/rp2_common/pico_int64_ops/pico_int64_ops_aeabi.S.obj
 .debug_abbrev  0x00003a8c       0x12 CMakeFiles/victor-atv-2.dir/C_/Users/V1n1Paz/.pico-sdk/sdk/2.1.0/src/rp2_common/pico_float/float_aeabi_rp2040.S.obj
 .debug_abbrev  0x00003a9e      0x19e CMakeFiles/victor-atv-2.dir/C_/Users/V1n1Paz/.pico-sdk/sdk/2.1.0/src/rp2_common/pico_float/float_init_rom_rp2040.c.obj
 .debug_abbrev  0x00003c3c       0x12 CMakeFiles/victor-atv-2.dir/C_/Users/V1n1Paz/.pico-sdk/sdk/2.1.0/src/rp2_common/pico_mem_ops/mem_ops_aeabi.S.obj
 .debug_abbrev  0x00003c4e       0xb8 CMakeFiles/victor-atv-2.dir/C_/Users/V1n1Paz/.pico-sdk/sdk/2.1.0/src/rp2_common/pico_standard_binary_info/standard_binary_info.c.obj
 .debug_abbrev  0x00003d06      0x525 CMakeFiles/victor-atv-2.dir/C_/Users/V1n1Paz/.pico-sdk/sdk/2.1.0/src/rp2_common/pico_printf/printf.c.obj
 .debug_abbrev  0x0000422b       0x12 CMakeFiles/victor-atv-2.dir/C_/Users/V1n1Paz/.pico-sdk/sdk/2.1.0/src/rp2_common/pico_crt0/crt0.S.obj
 .debug_abbrev  0x0000423d      0x352 CMakeFiles/victor-atv-2.dir/C_/Users/V1n1Paz/.pico-sdk/sdk/2.1.0/src/rp2_common/pico_clib_interface/newlib_interface.c.obj
 .debug_abbrev  0x0000458f      0x5e7 CMakeFiles/victor-atv-2.dir/C_/Users/V1n1Paz/.pico-sdk/sdk/2.1.0/src/rp2_common/pico_stdio/stdio.c.obj

.debug_loclists
                0x00000000     0xef84
 .debug_loclists
                0x00000000      0x23e CMakeFiles/victor-atv-2.dir/victor-atv-2.c.obj
 .debug_loclists
                0x0000023e     0x1a03 CMakeFiles/victor-atv-2.dir/C_/Users/V1n1Paz/.pico-sdk/sdk/2.1.0/src/rp2_common/hardware_gpio/gpio.c.obj
 .debug_loclists
                0x00001c41      0x36e CMakeFiles/victor-atv-2.dir/C_/Users/V1n1Paz/.pico-sdk/sdk/2.1.0/src/common/hardware_claim/claim.c.obj
 .debug_loclists
                0x00001faf       0xf1 CMakeFiles/victor-atv-2.dir/C_/Users/V1n1Paz/.pico-sdk/sdk/2.1.0/src/rp2_common/hardware_sync/sync.c.obj
 .debug_loclists
                0x000020a0       0x7d CMakeFiles/victor-atv-2.dir/C_/Users/V1n1Paz/.pico-sdk/sdk/2.1.0/src/rp2_common/hardware_sync_spin_lock/sync_spin_lock.c.obj
 .debug_loclists
                0x0000211d     0x116f CMakeFiles/victor-atv-2.dir/C_/Users/V1n1Paz/.pico-sdk/sdk/2.1.0/src/rp2_common/hardware_irq/irq.c.obj
 .debug_loclists
                0x0000328c       0x41 CMakeFiles/victor-atv-2.dir/C_/Users/V1n1Paz/.pico-sdk/sdk/2.1.0/src/common/pico_sync/lock_core.c.obj
 .debug_loclists
                0x000032cd      0xafa CMakeFiles/victor-atv-2.dir/C_/Users/V1n1Paz/.pico-sdk/sdk/2.1.0/src/common/pico_sync/mutex.c.obj
 .debug_loclists
                0x00003dc7     0x24bd CMakeFiles/victor-atv-2.dir/C_/Users/V1n1Paz/.pico-sdk/sdk/2.1.0/src/common/pico_time/time.c.obj
 .debug_loclists
                0x00006284     0x1a12 CMakeFiles/victor-atv-2.dir/C_/Users/V1n1Paz/.pico-sdk/sdk/2.1.0/src/rp2_common/hardware_timer/timer.c.obj
 .debug_loclists
                0x00007c96     0x28a5 CMakeFiles/victor-atv-2.dir/C_/Users/V1n1Paz/.pico-sdk/sdk/2.1.0/src/rp2_common/hardware_clocks/clocks.c.obj
 .debug_loclists
                0x0000a53b      0x1e0 CMakeFiles/victor-atv-2.dir/C_/Users/V1n1Paz/.pico-sdk/sdk/2.1.0/src/rp2_common/hardware_pll/pll.c.obj
 .debug_loclists
                0x0000a71b       0x47 CMakeFiles/victor-atv-2.dir/C_/Users/V1n1Paz/.pico-sdk/sdk/2.1.0/src/rp2_common/hardware_ticks/ticks.c.obj
 .debug_loclists
                0x0000a762      0x38a CMakeFiles/victor-atv-2.dir/C_/Users/V1n1Paz/.pico-sdk/sdk/2.1.0/src/rp2_common/pico_bootrom/bootrom.c.obj
 .debug_loclists
                0x0000aaec       0x48 CMakeFiles/victor-atv-2.dir/C_/Users/V1n1Paz/.pico-sdk/sdk/2.1.0/src/rp2_common/hardware_xosc/xosc.c.obj
 .debug_loclists
                0x0000ab34       0x7e CMakeFiles/victor-atv-2.dir/C_/Users/V1n1Paz/.pico-sdk/sdk/2.1.0/src/rp2_common/pico_runtime/runtime.c.obj
 .debug_loclists
                0x0000abb2       0xba CMakeFiles/victor-atv-2.dir/C_/Users/V1n1Paz/.pico-sdk/sdk/2.1.0/src/rp2_common/pico_runtime_init/runtime_init.c.obj
 .debug_loclists
                0x0000ac6c       0x74 CMakeFiles/victor-atv-2.dir/C_/Users/V1n1Paz/.pico-sdk/sdk/2.1.0/src/rp2_common/pico_runtime_init/runtime_init_clocks.c.obj
 .debug_loclists
                0x0000ace0       0x35 CMakeFiles/victor-atv-2.dir/C_/Users/V1n1Paz/.pico-sdk/sdk/2.1.0/src/rp2_common/pico_double/double_init_rom_rp2040.c.obj
 .debug_loclists
                0x0000ad15       0x4e CMakeFiles/victor-atv-2.dir/C_/Users/V1n1Paz/.pico-sdk/sdk/2.1.0/src/rp2_common/pico_float/float_init_rom_rp2040.c.obj
 .debug_loclists
                0x0000ad63     0x2f65 CMakeFiles/victor-atv-2.dir/C_/Users/V1n1Paz/.pico-sdk/sdk/2.1.0/src/rp2_common/pico_printf/printf.c.obj
 .debug_loclists
                0x0000dcc8      0x431 CMakeFiles/victor-atv-2.dir/C_/Users/V1n1Paz/.pico-sdk/sdk/2.1.0/src/rp2_common/pico_clib_interface/newlib_interface.c.obj
 .debug_loclists
                0x0000e0f9      0xe8b CMakeFiles/victor-atv-2.dir/C_/Users/V1n1Paz/.pico-sdk/sdk/2.1.0/src/rp2_common/pico_stdio/stdio.c.obj

.debug_aranges  0x00000000      0xd68
 .debug_aranges
                0x00000000       0x28 CMakeFiles/victor-atv-2.dir/victor-atv-2.c.obj
 .debug_aranges
                0x00000028      0x120 CMakeFiles/victor-atv-2.dir/C_/Users/V1n1Paz/.pico-sdk/sdk/2.1.0/src/rp2_common/hardware_gpio/gpio.c.obj
 .debug_aranges
                0x00000148       0x28 CMakeFiles/victor-atv-2.dir/C_/Users/V1n1Paz/.pico-sdk/sdk/2.1.0/src/rp2_common/pico_platform_panic/panic.c.obj
 .debug_aranges
                0x00000170       0x48 CMakeFiles/victor-atv-2.dir/C_/Users/V1n1Paz/.pico-sdk/sdk/2.1.0/src/common/hardware_claim/claim.c.obj
 .debug_aranges
                0x000001b8       0x48 CMakeFiles/victor-atv-2.dir/C_/Users/V1n1Paz/.pico-sdk/sdk/2.1.0/src/rp2_common/hardware_sync/sync.c.obj
 .debug_aranges
                0x00000200       0x28 CMakeFiles/victor-atv-2.dir/C_/Users/V1n1Paz/.pico-sdk/sdk/2.1.0/src/rp2_common/hardware_sync_spin_lock/sync_spin_lock.c.obj
 .debug_aranges
                0x00000228       0xb0 CMakeFiles/victor-atv-2.dir/C_/Users/V1n1Paz/.pico-sdk/sdk/2.1.0/src/rp2_common/hardware_irq/irq.c.obj
 .debug_aranges
                0x000002d8       0x20 CMakeFiles/victor-atv-2.dir/C_/Users/V1n1Paz/.pico-sdk/sdk/2.1.0/src/common/pico_sync/lock_core.c.obj
 .debug_aranges
                0x000002f8       0x98 CMakeFiles/victor-atv-2.dir/C_/Users/V1n1Paz/.pico-sdk/sdk/2.1.0/src/common/pico_sync/mutex.c.obj
 .debug_aranges
                0x00000390       0xe0 CMakeFiles/victor-atv-2.dir/C_/Users/V1n1Paz/.pico-sdk/sdk/2.1.0/src/common/pico_time/time.c.obj
 .debug_aranges
                0x00000470       0xf0 CMakeFiles/victor-atv-2.dir/C_/Users/V1n1Paz/.pico-sdk/sdk/2.1.0/src/rp2_common/hardware_timer/timer.c.obj
 .debug_aranges
                0x00000560       0x90 CMakeFiles/victor-atv-2.dir/C_/Users/V1n1Paz/.pico-sdk/sdk/2.1.0/src/rp2_common/hardware_clocks/clocks.c.obj
 .debug_aranges
                0x000005f0       0x28 CMakeFiles/victor-atv-2.dir/C_/Users/V1n1Paz/.pico-sdk/sdk/2.1.0/src/rp2_common/hardware_pll/pll.c.obj
 .debug_aranges
                0x00000618       0x30 CMakeFiles/victor-atv-2.dir/C_/Users/V1n1Paz/.pico-sdk/sdk/2.1.0/src/rp2_common/hardware_ticks/ticks.c.obj
 .debug_aranges
                0x00000648       0x40 CMakeFiles/victor-atv-2.dir/C_/Users/V1n1Paz/.pico-sdk/sdk/2.1.0/src/rp2_common/pico_bootrom/bootrom.c.obj
 .debug_aranges
                0x00000688       0x30 CMakeFiles/victor-atv-2.dir/C_/Users/V1n1Paz/.pico-sdk/sdk/2.1.0/src/rp2_common/hardware_xosc/xosc.c.obj
 .debug_aranges
                0x000006b8       0x38 CMakeFiles/victor-atv-2.dir/C_/Users/V1n1Paz/.pico-sdk/sdk/2.1.0/src/rp2_common/pico_runtime/runtime.c.obj
 .debug_aranges
                0x000006f0       0x48 CMakeFiles/victor-atv-2.dir/C_/Users/V1n1Paz/.pico-sdk/sdk/2.1.0/src/rp2_common/pico_runtime_init/runtime_init.c.obj
 .debug_aranges
                0x00000738       0x20 CMakeFiles/victor-atv-2.dir/C_/Users/V1n1Paz/.pico-sdk/sdk/2.1.0/src/rp2_common/pico_runtime_init/runtime_init_clocks.c.obj
 .debug_aranges
                0x00000758       0x60 CMakeFiles/victor-atv-2.dir/C_/Users/V1n1Paz/.pico-sdk/sdk/2.1.0/src/rp2_common/pico_bit_ops/bit_ops_aeabi.S.obj
 .debug_aranges
                0x000007b8       0x40 CMakeFiles/victor-atv-2.dir/C_/Users/V1n1Paz/.pico-sdk/sdk/2.1.0/src/rp2_common/pico_divider/divider_hardware.S.obj
 .debug_aranges
                0x000007f8      0x140 CMakeFiles/victor-atv-2.dir/C_/Users/V1n1Paz/.pico-sdk/sdk/2.1.0/src/rp2_common/pico_double/double_aeabi_rp2040.S.obj
 .debug_aranges
                0x00000938       0x28 CMakeFiles/victor-atv-2.dir/C_/Users/V1n1Paz/.pico-sdk/sdk/2.1.0/src/rp2_common/pico_double/double_init_rom_rp2040.c.obj
 .debug_aranges
                0x00000960       0x20 CMakeFiles/victor-atv-2.dir/C_/Users/V1n1Paz/.pico-sdk/sdk/2.1.0/src/rp2_common/pico_double/double_v1_rom_shim_rp2040.S.obj
 .debug_aranges
                0x00000980       0x20 CMakeFiles/victor-atv-2.dir/C_/Users/V1n1Paz/.pico-sdk/sdk/2.1.0/src/rp2_common/pico_int64_ops/pico_int64_ops_aeabi.S.obj
 .debug_aranges
                0x000009a0      0x130 CMakeFiles/victor-atv-2.dir/C_/Users/V1n1Paz/.pico-sdk/sdk/2.1.0/src/rp2_common/pico_float/float_aeabi_rp2040.S.obj
 .debug_aranges
                0x00000ad0       0x28 CMakeFiles/victor-atv-2.dir/C_/Users/V1n1Paz/.pico-sdk/sdk/2.1.0/src/rp2_common/pico_float/float_init_rom_rp2040.c.obj
 .debug_aranges
                0x00000af8       0x38 CMakeFiles/victor-atv-2.dir/C_/Users/V1n1Paz/.pico-sdk/sdk/2.1.0/src/rp2_common/pico_mem_ops/mem_ops_aeabi.S.obj
 .debug_aranges
                0x00000b30       0x18 CMakeFiles/victor-atv-2.dir/C_/Users/V1n1Paz/.pico-sdk/sdk/2.1.0/src/rp2_common/pico_standard_binary_info/standard_binary_info.c.obj
 .debug_aranges
                0x00000b48       0x90 CMakeFiles/victor-atv-2.dir/C_/Users/V1n1Paz/.pico-sdk/sdk/2.1.0/src/rp2_common/pico_printf/printf.c.obj
 .debug_aranges
                0x00000bd8       0x28 CMakeFiles/victor-atv-2.dir/C_/Users/V1n1Paz/.pico-sdk/sdk/2.1.0/src/rp2_common/pico_crt0/crt0.S.obj
 .debug_aranges
                0x00000c00       0xa0 CMakeFiles/victor-atv-2.dir/C_/Users/V1n1Paz/.pico-sdk/sdk/2.1.0/src/rp2_common/pico_clib_interface/newlib_interface.c.obj
 .debug_aranges
                0x00000ca0       0xc8 CMakeFiles/victor-atv-2.dir/C_/Users/V1n1Paz/.pico-sdk/sdk/2.1.0/src/rp2_common/pico_stdio/stdio.c.obj

.debug_rnglists
                0x00000000     0x27c7
 .debug_rnglists
                0x00000000       0x4c CMakeFiles/victor-atv-2.dir/victor-atv-2.c.obj
 .debug_rnglists
                0x0000004c      0x5c7 CMakeFiles/victor-atv-2.dir/C_/Users/V1n1Paz/.pico-sdk/sdk/2.1.0/src/rp2_common/hardware_gpio/gpio.c.obj
 .debug_rnglists
                0x00000613       0x19 CMakeFiles/victor-atv-2.dir/C_/Users/V1n1Paz/.pico-sdk/sdk/2.1.0/src/rp2_common/pico_platform_panic/panic.c.obj
 .debug_rnglists
                0x0000062c       0xc5 CMakeFiles/victor-atv-2.dir/C_/Users/V1n1Paz/.pico-sdk/sdk/2.1.0/src/common/hardware_claim/claim.c.obj
 .debug_rnglists
                0x000006f1       0x67 CMakeFiles/victor-atv-2.dir/C_/Users/V1n1Paz/.pico-sdk/sdk/2.1.0/src/rp2_common/hardware_sync/sync.c.obj
 .debug_rnglists
                0x00000758       0x3d CMakeFiles/victor-atv-2.dir/C_/Users/V1n1Paz/.pico-sdk/sdk/2.1.0/src/rp2_common/hardware_sync_spin_lock/sync_spin_lock.c.obj
 .debug_rnglists
                0x00000795      0x355 CMakeFiles/victor-atv-2.dir/C_/Users/V1n1Paz/.pico-sdk/sdk/2.1.0/src/rp2_common/hardware_irq/irq.c.obj
 .debug_rnglists
                0x00000aea       0x1f CMakeFiles/victor-atv-2.dir/C_/Users/V1n1Paz/.pico-sdk/sdk/2.1.0/src/common/pico_sync/lock_core.c.obj
 .debug_rnglists
                0x00000b09      0x32c CMakeFiles/victor-atv-2.dir/C_/Users/V1n1Paz/.pico-sdk/sdk/2.1.0/src/common/pico_sync/mutex.c.obj
 .debug_rnglists
                0x00000e35      0x77c CMakeFiles/victor-atv-2.dir/C_/Users/V1n1Paz/.pico-sdk/sdk/2.1.0/src/common/pico_time/time.c.obj
 .debug_rnglists
                0x000015b1      0x2c6 CMakeFiles/victor-atv-2.dir/C_/Users/V1n1Paz/.pico-sdk/sdk/2.1.0/src/rp2_common/hardware_timer/timer.c.obj
 .debug_rnglists
                0x00001877      0x4ad CMakeFiles/victor-atv-2.dir/C_/Users/V1n1Paz/.pico-sdk/sdk/2.1.0/src/rp2_common/hardware_clocks/clocks.c.obj
 .debug_rnglists
                0x00001d24       0x5c CMakeFiles/victor-atv-2.dir/C_/Users/V1n1Paz/.pico-sdk/sdk/2.1.0/src/rp2_common/hardware_pll/pll.c.obj
 .debug_rnglists
                0x00001d80       0x2b CMakeFiles/victor-atv-2.dir/C_/Users/V1n1Paz/.pico-sdk/sdk/2.1.0/src/rp2_common/hardware_ticks/ticks.c.obj
 .debug_rnglists
                0x00001dab      0x10c CMakeFiles/victor-atv-2.dir/C_/Users/V1n1Paz/.pico-sdk/sdk/2.1.0/src/rp2_common/pico_bootrom/bootrom.c.obj
 .debug_rnglists
                0x00001eb7       0x2b CMakeFiles/victor-atv-2.dir/C_/Users/V1n1Paz/.pico-sdk/sdk/2.1.0/src/rp2_common/hardware_xosc/xosc.c.obj
 .debug_rnglists
                0x00001ee2       0x3d CMakeFiles/victor-atv-2.dir/C_/Users/V1n1Paz/.pico-sdk/sdk/2.1.0/src/rp2_common/pico_runtime/runtime.c.obj
 .debug_rnglists
                0x00001f1f       0x49 CMakeFiles/victor-atv-2.dir/C_/Users/V1n1Paz/.pico-sdk/sdk/2.1.0/src/rp2_common/pico_runtime_init/runtime_init.c.obj
 .debug_rnglists
                0x00001f68       0x20 CMakeFiles/victor-atv-2.dir/C_/Users/V1n1Paz/.pico-sdk/sdk/2.1.0/src/rp2_common/pico_runtime_init/runtime_init_clocks.c.obj
 .debug_rnglists
                0x00001f88       0x43 CMakeFiles/victor-atv-2.dir/C_/Users/V1n1Paz/.pico-sdk/sdk/2.1.0/src/rp2_common/pico_bit_ops/bit_ops_aeabi.S.obj
 .debug_rnglists
                0x00001fcb       0x2c CMakeFiles/victor-atv-2.dir/C_/Users/V1n1Paz/.pico-sdk/sdk/2.1.0/src/rp2_common/pico_divider/divider_hardware.S.obj
 .debug_rnglists
                0x00001ff7       0xec CMakeFiles/victor-atv-2.dir/C_/Users/V1n1Paz/.pico-sdk/sdk/2.1.0/src/rp2_common/pico_double/double_aeabi_rp2040.S.obj
 .debug_rnglists
                0x000020e3       0x1a CMakeFiles/victor-atv-2.dir/C_/Users/V1n1Paz/.pico-sdk/sdk/2.1.0/src/rp2_common/pico_double/double_init_rom_rp2040.c.obj
 .debug_rnglists
                0x000020fd       0xdf CMakeFiles/victor-atv-2.dir/C_/Users/V1n1Paz/.pico-sdk/sdk/2.1.0/src/rp2_common/pico_float/float_aeabi_rp2040.S.obj
 .debug_rnglists
                0x000021dc       0x19 CMakeFiles/victor-atv-2.dir/C_/Users/V1n1Paz/.pico-sdk/sdk/2.1.0/src/rp2_common/pico_float/float_init_rom_rp2040.c.obj
 .debug_rnglists
                0x000021f5       0x25 CMakeFiles/victor-atv-2.dir/C_/Users/V1n1Paz/.pico-sdk/sdk/2.1.0/src/rp2_common/pico_mem_ops/mem_ops_aeabi.S.obj
 .debug_rnglists
                0x0000221a      0x27c CMakeFiles/victor-atv-2.dir/C_/Users/V1n1Paz/.pico-sdk/sdk/2.1.0/src/rp2_common/pico_printf/printf.c.obj
 .debug_rnglists
                0x00002496       0x1b CMakeFiles/victor-atv-2.dir/C_/Users/V1n1Paz/.pico-sdk/sdk/2.1.0/src/rp2_common/pico_crt0/crt0.S.obj
 .debug_rnglists
                0x000024b1       0x7f CMakeFiles/victor-atv-2.dir/C_/Users/V1n1Paz/.pico-sdk/sdk/2.1.0/src/rp2_common/pico_clib_interface/newlib_interface.c.obj
 .debug_rnglists
                0x00002530      0x297 CMakeFiles/victor-atv-2.dir/C_/Users/V1n1Paz/.pico-sdk/sdk/2.1.0/src/rp2_common/pico_stdio/stdio.c.obj

.debug_line     0x00000000    0x148fc
 .debug_line    0x00000000      0x5c0 CMakeFiles/victor-atv-2.dir/victor-atv-2.c.obj
 .debug_line    0x000005c0     0x1cab CMakeFiles/victor-atv-2.dir/C_/Users/V1n1Paz/.pico-sdk/sdk/2.1.0/src/rp2_common/hardware_gpio/gpio.c.obj
 .debug_line    0x0000226b      0x296 CMakeFiles/victor-atv-2.dir/C_/Users/V1n1Paz/.pico-sdk/sdk/2.1.0/src/rp2_common/pico_platform_panic/panic.c.obj
 .debug_line    0x00002501      0x944 CMakeFiles/victor-atv-2.dir/C_/Users/V1n1Paz/.pico-sdk/sdk/2.1.0/src/common/hardware_claim/claim.c.obj
 .debug_line    0x00002e45      0x4e2 CMakeFiles/victor-atv-2.dir/C_/Users/V1n1Paz/.pico-sdk/sdk/2.1.0/src/rp2_common/hardware_sync/sync.c.obj
 .debug_line    0x00003327      0x3c8 CMakeFiles/victor-atv-2.dir/C_/Users/V1n1Paz/.pico-sdk/sdk/2.1.0/src/rp2_common/hardware_sync_spin_lock/sync_spin_lock.c.obj
 .debug_line    0x000036ef     0x172e CMakeFiles/victor-atv-2.dir/C_/Users/V1n1Paz/.pico-sdk/sdk/2.1.0/src/rp2_common/hardware_irq/irq.c.obj
 .debug_line    0x00004e1d      0x2f3 CMakeFiles/victor-atv-2.dir/C_/Users/V1n1Paz/.pico-sdk/sdk/2.1.0/src/common/pico_sync/lock_core.c.obj
 .debug_line    0x00005110     0x1b40 CMakeFiles/victor-atv-2.dir/C_/Users/V1n1Paz/.pico-sdk/sdk/2.1.0/src/common/pico_sync/mutex.c.obj
 .debug_line    0x00006c50     0x315a CMakeFiles/victor-atv-2.dir/C_/Users/V1n1Paz/.pico-sdk/sdk/2.1.0/src/common/pico_time/time.c.obj
 .debug_line    0x00009daa     0x1d4e CMakeFiles/victor-atv-2.dir/C_/Users/V1n1Paz/.pico-sdk/sdk/2.1.0/src/rp2_common/hardware_timer/timer.c.obj
 .debug_line    0x0000baf8     0x1e28 CMakeFiles/victor-atv-2.dir/C_/Users/V1n1Paz/.pico-sdk/sdk/2.1.0/src/rp2_common/hardware_clocks/clocks.c.obj
 .debug_line    0x0000d920      0x512 CMakeFiles/victor-atv-2.dir/C_/Users/V1n1Paz/.pico-sdk/sdk/2.1.0/src/rp2_common/hardware_pll/pll.c.obj
 .debug_line    0x0000de32      0x352 CMakeFiles/victor-atv-2.dir/C_/Users/V1n1Paz/.pico-sdk/sdk/2.1.0/src/rp2_common/hardware_ticks/ticks.c.obj
 .debug_line    0x0000e184      0x483 CMakeFiles/victor-atv-2.dir/C_/Users/V1n1Paz/.pico-sdk/sdk/2.1.0/src/rp2_common/pico_bootrom/bootrom.c.obj
 .debug_line    0x0000e607      0x36b CMakeFiles/victor-atv-2.dir/C_/Users/V1n1Paz/.pico-sdk/sdk/2.1.0/src/rp2_common/hardware_xosc/xosc.c.obj
 .debug_line    0x0000e972      0x325 CMakeFiles/victor-atv-2.dir/C_/Users/V1n1Paz/.pico-sdk/sdk/2.1.0/src/rp2_common/pico_runtime/runtime.c.obj
 .debug_line    0x0000ec97      0x554 CMakeFiles/victor-atv-2.dir/C_/Users/V1n1Paz/.pico-sdk/sdk/2.1.0/src/rp2_common/pico_runtime_init/runtime_init.c.obj
 .debug_line    0x0000f1eb      0x57f CMakeFiles/victor-atv-2.dir/C_/Users/V1n1Paz/.pico-sdk/sdk/2.1.0/src/rp2_common/pico_runtime_init/runtime_init_clocks.c.obj
 .debug_line    0x0000f76a      0x107 CMakeFiles/victor-atv-2.dir/C_/Users/V1n1Paz/.pico-sdk/sdk/2.1.0/src/rp2_common/pico_bit_ops/bit_ops_aeabi.S.obj
 .debug_line    0x0000f871      0x2a9 CMakeFiles/victor-atv-2.dir/C_/Users/V1n1Paz/.pico-sdk/sdk/2.1.0/src/rp2_common/pico_divider/divider_hardware.S.obj
 .debug_line    0x0000fb1a      0x3f3 CMakeFiles/victor-atv-2.dir/C_/Users/V1n1Paz/.pico-sdk/sdk/2.1.0/src/rp2_common/pico_double/double_aeabi_rp2040.S.obj
 .debug_line    0x0000ff0d      0x57a CMakeFiles/victor-atv-2.dir/C_/Users/V1n1Paz/.pico-sdk/sdk/2.1.0/src/rp2_common/pico_double/double_init_rom_rp2040.c.obj
 .debug_line    0x00010487       0x5d CMakeFiles/victor-atv-2.dir/C_/Users/V1n1Paz/.pico-sdk/sdk/2.1.0/src/rp2_common/pico_double/double_v1_rom_shim_rp2040.S.obj
 .debug_line    0x000104e4       0x61 CMakeFiles/victor-atv-2.dir/C_/Users/V1n1Paz/.pico-sdk/sdk/2.1.0/src/rp2_common/pico_int64_ops/pico_int64_ops_aeabi.S.obj
 .debug_line    0x00010545      0x3a8 CMakeFiles/victor-atv-2.dir/C_/Users/V1n1Paz/.pico-sdk/sdk/2.1.0/src/rp2_common/pico_float/float_aeabi_rp2040.S.obj
 .debug_line    0x000108ed      0x436 CMakeFiles/victor-atv-2.dir/C_/Users/V1n1Paz/.pico-sdk/sdk/2.1.0/src/rp2_common/pico_float/float_init_rom_rp2040.c.obj
 .debug_line    0x00010d23       0x94 CMakeFiles/victor-atv-2.dir/C_/Users/V1n1Paz/.pico-sdk/sdk/2.1.0/src/rp2_common/pico_mem_ops/mem_ops_aeabi.S.obj
 .debug_line    0x00010db7      0x1ff CMakeFiles/victor-atv-2.dir/C_/Users/V1n1Paz/.pico-sdk/sdk/2.1.0/src/rp2_common/pico_standard_binary_info/standard_binary_info.c.obj
 .debug_line    0x00010fb6     0x1b9d CMakeFiles/victor-atv-2.dir/C_/Users/V1n1Paz/.pico-sdk/sdk/2.1.0/src/rp2_common/pico_printf/printf.c.obj
 .debug_line    0x00012b53       0xa5 CMakeFiles/victor-atv-2.dir/C_/Users/V1n1Paz/.pico-sdk/sdk/2.1.0/src/rp2_common/pico_crt0/crt0.S.obj
 .debug_line    0x00012bf8      0x888 CMakeFiles/victor-atv-2.dir/C_/Users/V1n1Paz/.pico-sdk/sdk/2.1.0/src/rp2_common/pico_clib_interface/newlib_interface.c.obj
 .debug_line    0x00013480     0x147c CMakeFiles/victor-atv-2.dir/C_/Users/V1n1Paz/.pico-sdk/sdk/2.1.0/src/rp2_common/pico_stdio/stdio.c.obj

.debug_str      0x00000000     0x4393
 .debug_str     0x00000000     0x4393 CMakeFiles/victor-atv-2.dir/victor-atv-2.c.obj
                                0x94b (size before relaxing)
 .debug_str     0x00004393      0xc71 CMakeFiles/victor-atv-2.dir/C_/Users/V1n1Paz/.pico-sdk/sdk/2.1.0/src/rp2_common/hardware_gpio/gpio.c.obj
 .debug_str     0x00004393      0x1fc CMakeFiles/victor-atv-2.dir/C_/Users/V1n1Paz/.pico-sdk/sdk/2.1.0/src/rp2_common/pico_platform_panic/panic.c.obj
 .debug_str     0x00004393      0x37f CMakeFiles/victor-atv-2.dir/C_/Users/V1n1Paz/.pico-sdk/sdk/2.1.0/src/common/hardware_claim/claim.c.obj
 .debug_str     0x00004393      0x328 CMakeFiles/victor-atv-2.dir/C_/Users/V1n1Paz/.pico-sdk/sdk/2.1.0/src/rp2_common/hardware_sync/sync.c.obj
 .debug_str     0x00004393      0x23b CMakeFiles/victor-atv-2.dir/C_/Users/V1n1Paz/.pico-sdk/sdk/2.1.0/src/rp2_common/hardware_sync_spin_lock/sync_spin_lock.c.obj
 .debug_str     0x00004393      0xa5f CMakeFiles/victor-atv-2.dir/C_/Users/V1n1Paz/.pico-sdk/sdk/2.1.0/src/rp2_common/hardware_irq/irq.c.obj
 .debug_str     0x00004393      0x207 CMakeFiles/victor-atv-2.dir/C_/Users/V1n1Paz/.pico-sdk/sdk/2.1.0/src/common/pico_sync/lock_core.c.obj
 .debug_str     0x00004393      0x79a CMakeFiles/victor-atv-2.dir/C_/Users/V1n1Paz/.pico-sdk/sdk/2.1.0/src/common/pico_sync/mutex.c.obj
 .debug_str     0x00004393     0x1197 CMakeFiles/victor-atv-2.dir/C_/Users/V1n1Paz/.pico-sdk/sdk/2.1.0/src/common/pico_time/time.c.obj
 .debug_str     0x00004393      0x9e2 CMakeFiles/victor-atv-2.dir/C_/Users/V1n1Paz/.pico-sdk/sdk/2.1.0/src/rp2_common/hardware_timer/timer.c.obj
 .debug_str     0x00004393      0x991 CMakeFiles/victor-atv-2.dir/C_/Users/V1n1Paz/.pico-sdk/sdk/2.1.0/src/rp2_common/hardware_clocks/clocks.c.obj
 .debug_str     0x00004393      0x45a CMakeFiles/victor-atv-2.dir/C_/Users/V1n1Paz/.pico-sdk/sdk/2.1.0/src/rp2_common/hardware_pll/pll.c.obj
 .debug_str     0x00004393      0x289 CMakeFiles/victor-atv-2.dir/C_/Users/V1n1Paz/.pico-sdk/sdk/2.1.0/src/rp2_common/hardware_ticks/ticks.c.obj
 .debug_str     0x00004393      0x337 CMakeFiles/victor-atv-2.dir/C_/Users/V1n1Paz/.pico-sdk/sdk/2.1.0/src/rp2_common/pico_bootrom/bootrom.c.obj
 .debug_str     0x00004393      0x23e CMakeFiles/victor-atv-2.dir/C_/Users/V1n1Paz/.pico-sdk/sdk/2.1.0/src/rp2_common/hardware_xosc/xosc.c.obj
 .debug_str     0x00004393      0x28e CMakeFiles/victor-atv-2.dir/C_/Users/V1n1Paz/.pico-sdk/sdk/2.1.0/src/rp2_common/pico_runtime/runtime.c.obj
 .debug_str     0x00004393      0x782 CMakeFiles/victor-atv-2.dir/C_/Users/V1n1Paz/.pico-sdk/sdk/2.1.0/src/rp2_common/pico_runtime_init/runtime_init.c.obj
 .debug_str     0x00004393      0x496 CMakeFiles/victor-atv-2.dir/C_/Users/V1n1Paz/.pico-sdk/sdk/2.1.0/src/rp2_common/pico_runtime_init/runtime_init_clocks.c.obj
 .debug_str     0x00004393       0x86 CMakeFiles/victor-atv-2.dir/C_/Users/V1n1Paz/.pico-sdk/sdk/2.1.0/src/rp2_common/pico_bit_ops/bit_ops_aeabi.S.obj
 .debug_str     0x00004393       0x89 CMakeFiles/victor-atv-2.dir/C_/Users/V1n1Paz/.pico-sdk/sdk/2.1.0/src/rp2_common/pico_divider/divider_hardware.S.obj
 .debug_str     0x00004393       0x8b CMakeFiles/victor-atv-2.dir/C_/Users/V1n1Paz/.pico-sdk/sdk/2.1.0/src/rp2_common/pico_double/double_aeabi_rp2040.S.obj
 .debug_str     0x00004393      0x2dd CMakeFiles/victor-atv-2.dir/C_/Users/V1n1Paz/.pico-sdk/sdk/2.1.0/src/rp2_common/pico_double/double_init_rom_rp2040.c.obj
 .debug_str     0x00004393       0x91 CMakeFiles/victor-atv-2.dir/C_/Users/V1n1Paz/.pico-sdk/sdk/2.1.0/src/rp2_common/pico_double/double_v1_rom_shim_rp2040.S.obj
 .debug_str     0x00004393       0x8f CMakeFiles/victor-atv-2.dir/C_/Users/V1n1Paz/.pico-sdk/sdk/2.1.0/src/rp2_common/pico_int64_ops/pico_int64_ops_aeabi.S.obj
 .debug_str     0x00004393       0x89 CMakeFiles/victor-atv-2.dir/C_/Users/V1n1Paz/.pico-sdk/sdk/2.1.0/src/rp2_common/pico_float/float_aeabi_rp2040.S.obj
 .debug_str     0x00004393      0x2a2 CMakeFiles/victor-atv-2.dir/C_/Users/V1n1Paz/.pico-sdk/sdk/2.1.0/src/rp2_common/pico_float/float_init_rom_rp2040.c.obj
 .debug_str     0x00004393       0x86 CMakeFiles/victor-atv-2.dir/C_/Users/V1n1Paz/.pico-sdk/sdk/2.1.0/src/rp2_common/pico_mem_ops/mem_ops_aeabi.S.obj
 .debug_str     0x00004393      0x437 CMakeFiles/victor-atv-2.dir/C_/Users/V1n1Paz/.pico-sdk/sdk/2.1.0/src/rp2_common/pico_standard_binary_info/standard_binary_info.c.obj
 .debug_str     0x00004393      0x4d1 CMakeFiles/victor-atv-2.dir/C_/Users/V1n1Paz/.pico-sdk/sdk/2.1.0/src/rp2_common/pico_printf/printf.c.obj